=> run xha_boot
Current Mode: SF: Detected mx25l51235f with page size 256 Bytes, erase size 64 KiB, total 64 MiB
New Mode: Quad I/O Read Mode (4-byte Addr)
Booting Linux...
[    0.000000] Booting Linux on physical CPU 0x0
[    0.000000] Linux version 4.14.43-g033f5ff-dirty (root@3F-L8705-LB00) (gcc version 6.4.1 20170707 (Linaro GCC 6.4-28
[    0.000000] CPU: ARMv7 Processor [414fc091] revision 1 (ARMv7), cr=50c53c7d
[    0.000000] CPU: PIPT / VIPT nonaliasing data cache, VIPT aliasing instruction cache
[    0.000000] OF: fdt: Machine model: RZA2MEVB
[    0.000000] debug: ignoring loglevel setting.
[    0.000000] bootconsole [earlycon0] enabled
[    0.000000] Memory policy: Data cache writeback
[    0.000000] On node 0 totalpages: 2048
[    0.000000] free_area_init_node: node 0, pgdat c0032eac, node_mem_map c07e8000
[    0.000000]   Normal zone: 16 pages used for memmap
[    0.000000]   Normal zone: 0 pages reserved
[    0.000000]   Normal zone: 2048 pages, LIFO batch:0
[    0.000000] CPU: All CPU(s) started in SVC mode.
[    0.000000] pcpu-alloc: s0 r0 d32768 u32768 alloc=1*32768
[    0.000000] pcpu-alloc: [0] 0 
[    0.000000] Built 1 zonelists, mobility grouping off.  Total pages: 2032
[    0.000000] Kernel command line: ignore_loglevel earlyprintk rootfstype=axfs root=/dev/null rootflags=physaddr=0x20 
[    0.000000] PID hash table entries: 32 (order: -5, 128 bytes)
[    0.000000] Dentry cache hash table entries: 1024 (order: 0, 4096 bytes)
[    0.000000] Inode-cache hash table entries: 1024 (order: 0, 4096 bytes)
[    0.000000] Memory: 7452K/8192K available (3021K kernel code, 192K rwdata, 1012K rodata, 145K init, 288K bss, 740K )
[    0.000000] Virtual kernel memory layout:
[    0.000000]     vector  : 0xffff0000 - 0xffff1000   (   4 kB)
[    0.000000]     fixmap  : 0xffc00000 - 0xfff00000   (3072 kB)
[    0.000000]     vmalloc : 0xc1000000 - 0xff800000   (1000 MB)
[    0.000000]     lowmem  : 0xc0000000 - 0xc0800000   (   8 MB)
[    0.000000]     pkmap   : 0xbfe00000 - 0xc0000000   (   2 MB)
[    0.000000]       .text : 0xbf800000 - 0xbfbf0898   (4035 kB)
[    0.000000]       .init : 0xc0039000 - 0xc0046000   (  52 kB)
[    0.000000]       .data : 0xc0008000 - 0xc0038140   ( 193 kB)
[    0.000000]        .bss : 0xc0046000 - 0xc008e070   ( 289 kB)
[    0.000000] NR_IRQS: 16, nr_irqs: 16, preallocated irqs: 16
[    0.000000] L2C-310 cache controller enabled, 8 ways, 128 kB
[    0.000000] L2C-310: CACHE_ID 0x410000c9, AUX_CTRL 0x02020000
[    0.000000] clocksource: ostm: mask: 0xffffffff max_cycles: 0xffffffff, max_idle_ns: 28958491609 ns
[    0.000097] sched_clock: 32 bits at 66MHz, resolution 15ns, wraps every 32537631224ns
[    0.008457] ostm: used for clocksource
[    0.014823] ostm: used for clock events
[    0.022740] Console: colour dummy device 80x30
[    0.030080] console [tty0] enabled
[    0.033993] bootconsole [earlycon0] disabled
[    0.000000] Booting Linux on physical CPU 0x0
[    0.000000] Linux version 4.14.43-g033f5ff-dirty (root@3F-L8705-LB00) (gcc version 6.4.1 20170707 (Linaro GCC 6.4-28
[    0.000000] CPU: ARMv7 Processor [414fc091] revision 1 (ARMv7), cr=50c53c7d
[    0.000000] CPU: PIPT / VIPT nonaliasing data cache, VIPT aliasing instruction cache
[    0.000000] OF: fdt: Machine model: RZA2MEVB
[    0.000000] debug: ignoring loglevel setting.
[    0.000000] bootconsole [earlycon0] enabled
[    0.000000] Memory policy: Data cache writeback
[    0.000000] On node 0 totalpages: 2048
[    0.000000] free_area_init_node: node 0, pgdat c0032eac, node_mem_map c07e8000
[    0.000000]   Normal zone: 16 pages used for memmap
[    0.000000]   Normal zone: 0 pages reserved
[    0.000000]   Normal zone: 2048 pages, LIFO batch:0
[    0.000000] CPU: All CPU(s) started in SVC mode.
[    0.000000] pcpu-alloc: s0 r0 d32768 u32768 alloc=1*32768
[    0.000000] pcpu-alloc: [0] 0 
[    0.000000] Built 1 zonelists, mobility grouping off.  Total pages: 2032
[    0.000000] Kernel command line: ignore_loglevel earlyprintk rootfstype=axfs root=/dev/null rootflags=physaddr=0x20 
[    0.000000] PID hash table entries: 32 (order: -5, 128 bytes)
[    0.000000] Dentry cache hash table entries: 1024 (order: 0, 4096 bytes)
[    0.000000] Inode-cache hash table entries: 1024 (order: 0, 4096 bytes)
[    0.000000] Memory: 7452K/8192K available (3021K kernel code, 192K rwdata, 1012K rodata, 145K init, 288K bss, 740K )
[    0.000000] Virtual kernel memory layout:
[    0.000000]     vector  : 0xffff0000 - 0xffff1000   (   4 kB)
[    0.000000]     fixmap  : 0xffc00000 - 0xfff00000   (3072 kB)
[    0.000000]     vmalloc : 0xc1000000 - 0xff800000   (1000 MB)
[    0.000000]     lowmem  : 0xc0000000 - 0xc0800000   (   8 MB)
[    0.000000]     pkmap   : 0xbfe00000 - 0xc0000000   (   2 MB)
[    0.000000]       .text : 0xbf800000 - 0xbfbf0898   (4035 kB)
[    0.000000]       .init : 0xc0039000 - 0xc0046000   (  52 kB)
[    0.000000]       .data : 0xc0008000 - 0xc0038140   ( 193 kB)
[    0.000000]        .bss : 0xc0046000 - 0xc008e070   ( 289 kB)
[    0.000000] NR_IRQS: 16, nr_irqs: 16, preallocated irqs: 16
[    0.000000] L2C-310 cache controller enabled, 8 ways, 128 kB
[    0.000000] L2C-310: CACHE_ID 0x410000c9, AUX_CTRL 0x02020000
[    0.000000] clocksource: ostm: mask: 0xffffffff max_cycles: 0xffffffff, max_idle_ns: 28958491609 ns
[    0.000097] sched_clock: 32 bits at 66MHz, resolution 15ns, wraps every 32537631224ns
[    0.008457] ostm: used for clocksource
[    0.014823] ostm: used for clock events
[    0.022740] Console: colour dummy device 80x30
[    0.030080] console [tty0] enabled
[    0.033993] bootconsole [earlycon0] disabled
[    0.039528] Calibrating delay loop (skipped) preset value.. 1056.00 BogoMIPS (lpj=5280000)
[    0.039752] pid_max: default: 32768 minimum: 301
[    0.042090] Mount-cache hash table entries: 1024 (order: 0, 4096 bytes)
[    0.042272] Mountpoint-cache hash table entries: 1024 (order: 0, 4096 bytes)
[    0.053047] CPU: Testing write buffer coherency: ok
[    0.070091] Setting up static identity map for 0x3f800200 - 0x3f800254
[    0.089182] devtmpfs: initialized
[    0.108108] random: get_random_u32 called from bucket_table_alloc+0xc3/0xec with crng_init=0
[    0.110699] VFP support v0.3: implementor 41 architecture 3 part 30 variant 9 rev 4
[    0.119002] clocksource: jiffies: mask: 0xffffffff max_cycles: 0xffffffff, max_idle_ns: 19112604462750000 ns
[    0.120125] futex hash table entries: 256 (order: -1, 3072 bytes)
[    0.122418] pinctrl core: initialized pinctrl subsystem
[    0.139962] NET: Registered protocol family 16
[    0.150611] DMA: preallocated 256 KiB pool for atomic coherent allocations
[    0.162483] No ATAGs?
[    0.423671] SCSI subsystem initialized
[    0.428509] usbcore: registered new interface driver usbfs
[    0.429227] usbcore: registered new interface driver hub
[    0.430888] usbcore: registered new device driver usb
[    0.431776] media: Linux media interface: v0.10
[    0.432461] Linux video capture interface: v2.00
[    0.511296] clocksource: Switched to clocksource ostm
[    1.028721] NET: Registered protocol family 2
[    1.042871] TCP established hash table entries: 1024 (order: 0, 4096 bytes)
[    1.043537] TCP bind hash table entries: 1024 (order: 0, 4096 bytes)
[    1.043717] TCP: Hash tables configured (established 1024 bind 1024)
[    1.047459] UDP hash table entries: 256 (order: 0, 4096 bytes)
[    1.047747] UDP-Lite hash table entries: 256 (order: 0, 4096 bytes)
[    1.050358] NET: Registered protocol family 1
[    1.074614] RPC: Registered named UNIX socket transport module.
[    1.075397] RPC: Registered udp transport module.
[    1.075444] RPC: Registered tcp transport module.
[    1.075473] RPC: Registered tcp NFSv4.1 backchannel transport module.
[    1.125575] workingset: timestamp_bits=30 max_order=11 bucket_order=0
[    1.144904] NFS: Registering the id_resolver key type
[    1.146548] Key type id_resolver registered
[    1.146650] Key type id_legacy registered
[    1.146965] nfs4filelayout_init: NFSv4 File Layout Driver Registering...
[    1.147155] nfs4flexfilelayout_init: NFSv4 Flexfile Layout Driver Registering...
[    1.147801] jffs2: version 2.2. (NAND) �© 2001-2006 Red Hat, Inc.
[    1.173784] Key type asymmetric registered
[    1.174508] Asymmetric key parser 'x509' registered
[    1.178060] Block layer SCSI generic (bsg) driver version 0.4 loaded (major 250)
[    1.178488] io scheduler noop registered
[    1.178527] io scheduler deadline registered
[    1.179992] io scheduler cfq registered (default)
[    1.180164] io scheduler mq-deadline registered
[    1.228203] vdc5fb fcff7400.display: fcff7400.display: [gwp0700cnwv04] dotclock 33.000 MHz, dcdr 2
[    1.262470] vdc5fb: Layer 2 Enabled (800x480 @ 0x80000000)
[    1.363180] vdc5fb fcff7400.display: update_regs timeout reg=00000080, bits=00000001, now=00000001
[    1.463693] vdc5fb fcff7400.display: update_regs timeout reg=00000100, bits=00003111, now=00001001
[    1.564000] vdc5fb fcff7400.display: update_regs timeout reg=00000180, bits=00110011, now=00010011
[    1.708126] Console: switching to colour frame buffer device 100x30
[    1.765572] graphics fb0: registered fcff7400.display as 800x480 @ 59 Hz, 16 bpp.
[    1.803337] Serial: 8250/16550 driver, 4 ports, IRQ sharing disabled
[    1.873934] SuperH (H)SCI(F) driver initialized
[    1.890222] e8009000.serial: ttySC0 at MMIO 0xe8009000 (irq = 19, base_baud = 0) is a scif
[    2.508352] console [ttySC0] enabled
[    2.547905] 1 ofpart partitions found on MTD device 20000000.qspi
[    2.562198] Creating 1 MTD partitions on "20000000.qspi":
[    2.572631] 0x000000800000-0x000001800000 : "user"
[    2.642436] random: fast init done
[    2.674901] libphy: Fixed MDIO Bus: probed
[    2.694111] usbcore: registered new interface driver usb-storage
[    2.709798] i2c /dev entries driver
[    2.795764] i2c-riic e803a800.i2c: registered with 400000Hz bus speed
[    2.862308] ft5x06-ts 3-0038: ft5x06_init_panel: could not detect ft5x06
[    2.877177] ft5x06-ts 3-0038: could not init touch panel
[    2.888834] ft5x06-ts: probe of 3-0038 failed with error -5
[    2.929878] at24 3-0050: 16384 byte 24c128 EEPROM, writable, 64 bytes/write
[    2.947392] i2c-riic e803ac00.i2c: registered with 400000Hz bus speed
[    2.967847] imx219_probe Aug 12
[    2.979083] imx219_probe 1
[    2.986757] imx219_ctrls_init
[    2.995950] imx219_s_ctrl
[    3.002913] V4L2_CID_HFLIP
[    3.028446] imx219_s_ctrl enabled imx219_s_stream
[    3.040117] imx219_s_stream
[    3.047239] Before reg_write_table 
[    3.144701] After reg_write_table and before handle crop 
[    3.180169] After handle crop 
[    3.199495] before reg_write_table again 
[    3.209136] imx219_s_ctrl
[    3.214970] V4L2_CID_VFLIP
[    3.220816] imx219_s_ctrl enabled imx219_s_stream
[    3.228378] imx219_s_stream
[    3.233967] Before reg_write_table 
[    3.328601] After reg_write_table and before handle crop 
[    3.362061] After handle crop 
[    3.380750] before reg_write_table again 
[    3.389595] imx219_s_ctrl
[    3.394910] V4L2_CID_ANALOGUE_GAIN
[    3.401133] imx219_s_ctrl enabled imx219_s_stream
[    3.408363] imx219_s_stream
[    3.413674] Before reg_write_table 
[    3.508127] After reg_write_table and before handle crop 
[    3.541487] After handle crop 
[    3.559644] before reg_write_table again 
[    3.568239] imx219_s_ctrl
[    3.573226] V4L2_CID_GAIN
[    3.578208] imx219_s_ctrl enabled imx219_s_stream
[    3.585292] imx219_s_stream
[    3.590233] Before reg_write_table 
[    3.684545] After reg_write_table and before handle crop 
[    3.730096] After handle crop 
[    3.750907] before reg_write_table again 
[    3.760240] imx219_s_ctrl
[    3.765460] V4L2_CID_TEST_PATTERN
[    3.771327] imx219_s_ctrl_test_pattern
[    3.777354] imx219_s_ctrl_test_pattern DISABLE
[    3.784217] imx219_probe 2
[    3.789122] imx219_probe 3
[    3.794395] imx219_s_power
[    3.799694] imx219 2-0010: clk enable
[    3.805680] imx219_video_probe check chip ID 
[    3.814181] imx219 2-0010: Model ID 0x0219, Lot ID 0x686b22, Chip ID 0x0411
[    3.823936] imx219_s_power
[    3.828980] imx219 2-0010: clk disable
[    3.835015] v4l2_async_register_subdev
[    3.841149] imx219_probe 4 camera driver probed ok
[    3.860539] 
[    3.860539] [RVC] ../drivers/media/platform/rza-vin/rza-csi2.c, rcar_csi2_probe, 755
[    3.862514] 
[    3.862514] [RVC] ../drivers/media/platform/rza-vin/rza-csi2.c, rcar_csi2_probe_resources, 717
[    3.878568] rza-csi2 e8209000.csi2: rcar_csi2_probe_resources 
[    3.904891] called v4l2_device_register c06e4600
[    3.912950] rza-csi2 e8209000.csi2: call rcar_csi2_parse_dt
[    3.921612] 
[    3.921612] [RVC] ../drivers/media/platform/rza-vin/rza-csi2.c, rcar_csi2_parse_dt, 654
[    3.922411] 
[    3.922411] [RVC] ../drivers/media/platform/rza-vin/rza-csi2.c, rcar_csi2_parse_v4l2, 618
[    3.938275] rza-csi2 e8209000.csi2: Found '/i2c@e803a800/imx219@10'
[    3.963522] call v4l2_async_notifier_register c06e4600
[    3.972118] rcar_csi2_notify_bound
[    3.978481] 
[    3.978481] [RVC] ../drivers/media/platform/rza-vin/rza-csi2.c, rcar_csi2_notify_bound, 572
[    3.978580] 
[    3.978580] [RVC] ../drivers/media/platform/rza-vin/rza-csi2.c, rcar_csi2_notify_complete, 597
[    4.023275] priv->subdev.name rza_csi2 e8209000.csi2 
[    4.052084] v4l2_async_register_subdev
[    4.059398] v4l2_async_find_match failed
[    4.067399] rza-csi2 e8209000.csi2: RVC debug 2 lanes found
[    4.086577] 
[    4.086577] [RVC] ../drivers/media/platform/rza-vin/rza-core.c, rcar_vin_probe, 1027
[    4.088586] 
[    4.088586] [RVC] ../drivers/media/platform/rza-vin/rza-dma.c, rvin_dma_probe, 1228
[    4.107905] rvin_dma_probe call v4l2_device_register c0614b28 
[    4.127226] 
[    4.127226] [RVC] ../drivers/media/platform/rza-vin/rza-core.c, rvin_group_init, 892
[    4.137886] 
[    4.137886] [RVC] ../drivers/media/platform/rza-vin/rza-core.c, rvin_group_allocate, 336
[    4.155095] 
[    4.155095] [RVC] ../drivers/media/platform/rza-vin/rza-core.c, __rvin_group_allocate, 286
[    4.197895] 
[    4.197895] [RVC] ../drivers/media/platform/rza-vin/rza-core.c, rvin_group_add_vin, 308
[    4.219822] 
[    4.219822] [RVC] ../drivers/media/platform/rza-vin/rza-core.c, rvin_group_read_id, 246
[    4.238514] 
[    4.238514] [RVC] ../drivers/media/platform/rza-vin/rza-core.c, rvin_group_graph_parse, 778
[    4.256408] 
[    4.256408] [RVC] ../drivers/media/platform/rza-vin/rza-core.c, rvin_group_read_id, 246
[    4.274901] 
[    4.274901] [RVC] ../drivers/media/platform/rza-vin/rza-core.c, rvin_group_get_remote, 755
[    4.293043] 
[    4.293043] [RVC] ../drivers/media/platform/rza-vin/rza-core.c, rvin_group_get_remote, 755
[    4.311684] 
[    4.311684] [RVC] ../drivers/media/platform/rza-vin/rza-core.c, rvin_group_graph_parse, 778
[    4.330197] 
[    4.330197] [RVC] ../drivers/media/platform/rza-vin/rza-core.c, rvin_group_read_id, 246
[    4.348569] 
[    4.348569] [RVC] ../drivers/media/platform/rza-vin/rza-core.c, rvin_group_get_remote, 755
[    4.366843] 
[    4.366843] [RVC] ../drivers/media/platform/rza-vin/rza-v4l2.c, rvin_v4l2_register, 1141
[    4.385769] 
[    4.385769] [RVC] ../drivers/media/platform/rza-vin/rza-v4l2.c, rvin_format_align, 136
[    4.404488] 
[    4.404488] [RVC] ../drivers/media/platform/rza-vin/rza-v4l2.c, rvin_format_from_pixel, 78
[    4.422995] rvin_format_align DEFAULT V4L2_FIELD_NONE
[    4.451555] 
[    4.451555] [RVC] ../drivers/media/platform/rza-vin/rza-v4l2.c, __rvin_format_aling_update, 114
[    4.451706] 
[    4.451706] [RVC] ../drivers/media/platform/rza-vin/rza-v4l2.c, rvin_format_bytesperline, 89
[    4.470863] 
[    4.470863] [RVC] ../drivers/media/platform/rza-vin/rza-v4l2.c, rvin_format_from_pixel, 78
[    4.489907] 
[    4.489907] [RVC] ../drivers/media/platform/rza-vin/rza-v4l2.c, rvin_format_sizeimage, 100
[    4.509398] rcar-vin e803f000.video: Format 800x600 bpl: 1600 size: 960000
[    4.559069] rcar-vin e803f000.video: Device registered as video0
[    4.573360] 
[    4.573360] [RVC] ../drivers/media/platform/rza-vin/rza-core.c, rvin_group_graph_register, 849
[    4.574205] 
[    4.574205] [RVC] ../drivers/media/platform/rza-vin/rza-core.c, rvin_group_notify_bound, 734
[    4.594114] 
[    4.594114] [RVC] ../drivers/media/platform/rza-vin/rza-core.c, rvin_group_notify_complete, 706
[    4.627421] 
[    4.627421] [RVC] ../drivers/media/platform/rza-vin/rza-core.c, rvin_group_update_links, 658
[    4.650120] 
[    4.650120] [RVC] ../drivers/media/platform/rza-vin/rza-dma.c, rvin_get_chsel, 1307
[    4.670007] chsel 0
[    4.688620] 
[    4.688620] [RVC] ../drivers/media/platform/rza-vin/rza-core.c, rvin_group_add_link, 636
[    5.005988] sh_mobile_sdhi e8228000.sd: mmc0 base at 0xe8228000 max clock rate 132 MHz
[    5.049640] usbcore: registered new interface driver usbhid
[    5.063079] usbhid: USB HID core driver
[    5.078767] NET: Registered protocol family 10
[    5.143498] Segment Routing with IPv6
[    5.157030] sit: IPv6, IPv4 and MPLS over IPv4 tunneling driver
[    5.187685] NET: Registered protocol family 17
[    5.202902] Key type dns_resolver registered
[    5.215861] rza2mevb_init_late: Error: Could not find QSPI clock
[    5.296751] hctosys: unable to open rtc device (rtc0)
[    5.356673] VFS: Mounted root (axfs filesystem) readonly on device 0:11.
[    5.377982] devtmpfs: mounted
[    5.389958] Freeing unused kernel memory: 52K
[    5.399517] This architecture does not have kernel memory protection.
Starting logging: OK
read-only file system detected...done
Starting network: OK
Wed Nov  1 09:00:00 UTC 2017
[   11.422728] Console: switching to colour dummy device 80x30
/etc/init.d/S99_rea_setup: line 34: fbv: not found
/etc/init.d/S99_rea_setup: line 47: alsactl: not found

Welcome to Buildroot
buildroot login: root
$ 
8209000.csi2':1 -> 'rza_vin e803f000.video':0 [1]"
me$ media-ctl -d /dev/media0 -l "'rza_csi2 e8209000.csi2':1 -> 'rza_vin e803f000.v
ideo':0 [1]"
8 -s 320x240 -F"/tmp/SRGGB8.bin"$ media-ctl -V "'rza_csi2 e8209000.csi2':1 [fmt:SRGGB8_1X8/320x240 field:none]"
$ /root/yavta_debug  /dev/video0 -c1 -n1 -f SRGGB8 -s 320x240 -F"/tmp/SRGGB8.bin
"
[   25.866602] 
[   25.866602] [RVC] ../drivers/media/platform/rza-vin/rza-csi2.c, rcar_csi2_set_pad_format, 517
[   26.798838] 
[   26.798838] [RVC] ../drivers/media/platform/rza-vin/rza-v4l2.c, rvin_mc_open, 1045
[   26.811746] 
[   26.811746] [RVC] ../drivers/media/platform/rza-vin/rza-v4l2.c, rvin_get_sd_format, 236
[   26.821974] 
[   26.821974] [RVC] ../drivers/media/platform/rza-vin/rza-csi2.c, rcar_csi2_get_pad_format, 536
[   26.831859] 
[   26.831859] [RVC] ../drivers/media/platform/rza-vin/rza-v4l2.c, rvin_format_bytesperline, 89
[   26.842133] 
[   26.842133] [RVC] ../drivers/media/platform/rza-vin/rza-v4l2.c, rvin_format_from_pixel, 78
Device /dev/video0 opened.
[   26.853607] 
[   26.853607] [RVC] ../drivers/media/platform/rza-vin/rza-v4l2.c,end of rvin_mc_open, 1063
Device `R_Car_VIN' on `p[   26.906474] 
[   26.906474] [RVC] ../drivers/media/platform/rza-vin/rza-v4l2.c, rvin_querycap, 384
latform:e803f000[   26.920083] 
[   26.920083] [RVC] ../drivers/media/platform/rza-vin/rza-v4l2.c, rvin_mc_s_fmt_vid_cap, 832
.video' is a vid[   26.931372] 
[   26.931372] [RVC] ../drivers/media/platform/rza-vin/rza-v4l2.c, __rvin_mc_try_format, 815
eo capture devic[   26.942766] 
[   26.942766] [RVC] ../drivers/media/platform/rza-vin/rza-v4l2.c, rvin_format_align, 136
e.
[   26.953931] 
[   26.953931] [RVC] ../drivers/media/platform/rza-vin/rza-v4l2.c, rvin_format_from_pixel, 78
[   26.964954] 
[   26.964954] [RVC] ../drivers/media/platform/rza-vin/rza-v4l2.c, __rvin_format_aling_update, 114
[   26.975212] 
[   26.975212] [RVC] ../drivers/media/platform/rza-vin/rza-v4l2.c, rvin_format_bytesperline, 89
[   26.985548] 
[   26.985548] [RVC] ../drivers/media/platform/rza-vin/rza-v4l2.c, rvin_format_from_pixel, 78
[   26.995665] 
[   26.995665] [RVC] ../drivers/media/platform/rza-vin/rza-v4l2.c, rvin_format_sizeimage, 100
[   27.006022] rcar-vin e803f000.video: Format 320x240 bpl: 1280 size: 307200
Video format set: SRGGB8 (42474752) 320x240 (stride 1280[   27.064549] 
[   27.064549] [RVC] ../drivers/media/platform/rza-vin/rza-v4l2.c, rvin_g_fmt_vid_cap, 422
) buffer size 307200
Video format: SRGGB8 (42474752) 320x240 (stride 1280) buffer size 307200
1 buffers requested.
length: 307200 offset: 0
Buffer 0 mapped at address 0xb6e[   27.066387] 
[   27.066387] [RVC] ../drivers/media/platform/rza-vin/rza-dma.c, rvin_queue_setup, 913
e3000.
[   27.100203] 
[   27.100203] [RVC] ../drivers/media/platform/rza-vin/rza-dma.c, rvin_buffer_queue, 945
[   27.112169] 
[   27.112169] [RVC] ../drivers/media/platform/rza-vin/rza-dma.c, rvin_start_streaming, 1074
[   27.122146] 
[   27.122146] [RVC] ../drivers/media/platform/rza-vin/rza-dma.c, rvin_set_stream, 984
[   27.132231] 
[   27.132231] [RVC] ../drivers/media/platform/rza-vin/rza-csi2.c, rcar_csi2_get_pad_format, 536
[   27.142275] 
[   27.142275] [RVC] ../drivers/media/platform/rza-vin/rza-csi2.c, rcar_csi2_s_stream, 452
[   27.153536] RVC_Call rcar_csi2_start
[   27.167132] 
[   27.167132] [RVC] ../drivers/media/platform/rza-vin/rza-csi2.c, rcar_csi2_start, 328
[   27.167502] rza-csi2 e8209000.csi2: Input size (320x240p)
[   27.182550] 
[   27.182550] [RVC] ../drivers/media/platform/rza-vin/rza-csi2.c, rcar_csi2_calc_phy_timing, 291
[   27.182637] PHYTIM3_REG e09
[   27.192916] PHYTIM2_REG 30f0a
[   27.195752] PHYTIM1_REG 338f
[   27.198811] INTSTATE_REG 0
[   27.201812] TREF_REG 1
[   27.204568] 
[   27.204568] [RVC] ../drivers/media/platform/rza-vin/rza-csi2.c, rcar_csi2_reset, 245
[   27.248211] SRST_REG 0
[   27.259483] FLD_REG 0
[   27.262686] VCDT_REG 11e802a
[   27.265074] LSWAP_REG e4
[   27.268025] PHYCNT_REG 13
[   27.270616] PHYCNT_REG 0
[   27.273436] PHYCNT_REG 20013
[   27.276039] PHYCNT_REG 30013
[   27.279042] 
[   27.279042] [RVC] ../drivers/media/platform/rza-vin/rza-csi2.c, rcar_csi2_wait_phy_start, 255
[   27.282362] rza-csi2 e8209000.csi2: PHCLM_REG d
[   27.297288] rza-csi2 e8209000.csi2: PHDLM_REG 3003, priv->lanes 2, lane_mask 3
[   27.304693] RVC_Call finish rcar_csi2_start
[   27.308985] imx219_s_power
[   27.312127] imx219 2-0010: clk enable
[   27.315920] imx219_s_stream
[   27.318754] Before reg_write_table 
[   27.440384] After reg_write_table and before handle crop 
[   27.487264] After handle crop 
[   27.512395] before reg_write_table again 
[   27.525702] RVC_Call v4l2_subdev_call
[   27.530035] after1 FCNTM_REG 4
[   27.530086] after1 PHYDIM_REG 0
[   27.533923] after1 PHYIM_REG 8000003c
[   27.537166] after1 VINDM_REG 0
[   27.541121] after1 VINSM1_REG 5000
[   27.544225] after1 VINSM3_REG c0f0
[   27.547704] after1 PHYOM_REG 13
[   27.551226] after1 SHPDAT_REG 0
[   27.554444] RVC_Call rcar_csi2_s_stream before END
[   27.562551] rcar_csi2_s_stream go to mutex_unclock
[   27.567647] 
[   27.567647] [RVC] ../drivers/media/platform/rza-vin/rza-dma.c, rvin_capture_start, 662
[   27.567725] 
[   27.567725] [RVC] ../drivers/media/platform/rza-vin/rza-dma.c, rvin_fill_hw, 630
[   27.577215] limit = 1 , vin->continuous 0, HW_BUFFER_NUM 3 
[   27.591776] 
[   27.591776] [RVC] ../drivers/media/platform/rza-vin/rza-dma.c, rvin_fill_hw_slot, 604
[   27.592099] rcar-vin e803f000.video: Filling HW slot: 0
[   27.606899] 
[   27.606899] [RVC] ../drivers/media/platform/rza-vin/rza-dma.c, rvin_set_slot_addr, 565
[   27.606981] 
[   27.606981] [RVC] ../drivers/media/platform/rza-vin/rza-v4l2.c, rvin_format_from_pixel, 78
[   27.616527] offsetx  0 
[   27.628818] offsety  0 
[   27.631300] addr  40380000, offset 0 
[   27.634990] 
[   27.634990] [RVC] ../drivers/media/platform/rza-vin/rza-v4l2.c, rvin_format_from_pixel, 78
[   27.634997] offsetx  0 
[   27.647273] offsety  0 
[   27.649740] addr  40380000, offset 0 
[   27.653490] VNMB_REG(0) 40380000, 30
[   27.657094] 
[   27.657094] [RVC] ../drivers/media/platform/rza-vin/rza-dma.c,end of rvin_set_slot_addr, 595
[   27.657100] 
[   27.657100] [RVC] ../drivers/media/platform/rza-vin/rza-dma.c,end of rvin_fill_hw, 636
[   27.667112] 
[   27.667112] [RVC] ../drivers/media/platform/rza-vin/rza-dma.c, rvin_crop_scale_comp, 266
[   27.676623] VNSPPRC_REG 64
[   27.686277] VNEPPRC_REG 383
[   27.689062] default VNSLPRC_REG 18
[   27.691904] VNELPRC_REG 1f7
[   27.695347] 
[   27.695347] [RVC] ../drivers/media/platform/rza-vin/rza-dma.c, rvin_crop_scale_comp_gen3, 216
[   27.698212] 
[   27.698212] [RVC] ../drivers/media/platform/rza-vin/rza-dma.c, rvin_get_bwidth, 190
[   27.708293] 
[   27.708293] [RVC] ../drivers/media/platform/rza-vin/rza-dma.c, rvin_get_bwidth, 190
[   27.717538] VNUDS_CTRL_REG 40000000
[   27.726746] VNUDS_PASS_BWIDTH_REG 400040
[   27.730267] VNMC_REG 0
[   27.734219] VNIS_REG 190
[   27.736599] 
[   27.736599] [RVC] ../drivers/media/platform/rza-vin/rza-dma.c, rvin_setup, 326
[   27.739158] progressive = true 
[   27.751094] Support MEDIA_BUS_FMT_SRGGB8_1X8
[   27.751142] Enable FTEV dmr2 20000
[   27.758888] Enable VNDMR2_HPS dmr2 20020000
[   27.763114] Enable VNDMR2_VPS dmr2 60020000
[   27.767381] output V4L2_PIX_FMT_SRGGB8 
[   27.771273] rcar-vin e803f000.video: Use bypass mode
[   27.776304] 
[   27.776304] [RVC] ../drivers/media/platform/rza-vin/rza-dma.c, rvin_is_scaling, 311
[   27.776340] VNINTS_REG 10030000
[   27.788734] VNIE_REG 10
[   27.791200] VNDMR_REG 0
[   27.791208] VNDMR2_REG 60020000
[   27.793675] VNMC_REG 4000b
[   27.796868] 
[   27.796868] [RVC] ../drivers/media/platform/rza-vin/rza-dma.c, rvin_capture_on, 642
[   27.799619] rcar-vin e803f000.video: Capture on in single mode
[   27.814699] Single Frame VNFC_REG 0
[   27.847904] 
[   27.847904] [RVC] ../drivers/media/platform/rza-vin/rza-dma.c, rvin_irq, 778
[   27.848104] 
[   27.848104] [RVC] ../drivers/media/platform/rza-vin/rza-dma.c, rvin_get_interrupt_status, 530
[   27.857230] VNINTS_REG d0030012
[   27.867364] 
[   27.867364] [RVC] ../drivers/media/platform/rza-vin/rza-dma.c, rvin_ack_interrupt, 537
[   27.870539] VNINTS_REG 0
[   27.880029] VNMS_REG 8
[   27.882607] 
[   27.882607] [RVC] ../drivers/media/platform/rza-vin/rza-dma.c, rvin_get_active_slot, 553
[   27.884990] VNMS_REG 8
[   27.894932] rcar-vin e803f000.video: IRQ 00: 0       buf0: x buf1: 0 buf2: 0 more: 0
[   27.904599] 
[   27.904599] [RVC] ../drivers/media/platform/rza-vin/rza-dma.c, rvin_seq_field_done, 725
[   27.904641] rvin_seq_field_done VNMS_REG 8
[   27.914458] 
[   27.914458] [RVC] ../drivers/media/platform/rza-vin/rza-dma.c, rvin_fill_hw, 630
[   27.918640] limit = 1 , vin->continuous 0, HW_BUFFER_NUM 3 
0 (0) [-] 0 307200 bytes 27.893633 27.966915 -14.029 fps
write buf(0)
Content of buf 0 at address b6ee3000
Content of buf 0 at address b6ee3001
Content of bu[   27.933204] 
[   27.933204] [RVC] ../drivers/media/platform/rza-vin/rza-dma.c, rvin_fill_hw_slot, 604
f 0 at address b[   28.054356] 
[   28.054356] [RVC] ../drivers/media/platform/rza-vin/rza-dma.c, rvin_stop_streaming, 1103
[   28.066881] VNFC_REG 0
[   28.077607] 
[   28.077607] [RVC] ../drivers/media/platform/rza-vin/rza-dma.c, rvin_capture_stop, 699
[   28.080044] VNMC_REG 4000b
[   28.089477] VNMC_REG 4000a
[   28.092301] 
[   28.092301] [RVC] ../drivers/media/platform/rza-vin/rza-dma.c, rvin_capture_active, 545
[   28.095086] VNMS_REG c
[   28.104648] VNMS_CA 1
6ee3002
Content of buf [   28.107077] 
[   28.107077] [RVC] ../drivers/media/platform/rza-vin/rza-dma.c, return_all_buffers, 892
0 at address b6ee3003
C[   28.111290] 
[   28.111290] [RVC] ../drivers/media/platform/rza-vin/rza-dma.c, rvin_set_stream, 984
ontent of buf 0 [   28.123105] 
[   28.123105] [RVC] ../drivers/media/platform/rza-vin/rza-csi2.c, rcar_csi2_s_stream, 452
at address b6ee3[   28.134004] RVC_Call rcar_csi2_stop
004
Content of [   28.149879] after FCNTM_REG 37
buf 0 at address[   28.149885] after PHYDIM_REG 0
 b6ee3005
Conte[   28.154436] after PHYIM_REG c0
nt of buf 0 at a[   28.159098] after VINDM_REG 0
[   28.163412] after VINSM1_REG 7000

Content of buf [   28.167814] after VINSM3_REG c0f0
0 at address b6e[   28.172583] after PHYOM_REG 13
e3007
Content o[   28.177310] after SHPDAT_REG 0
f buf 0 at address b6ee3008
Content of buf 0 at address b6ee3009
write buf(0)
[   28.181860] 
[   28.181860] [RVC] ../drivers/media/platform/rza-vin/rza-csi2.c, rcar_csi2_reset, 245
[   28.236184] SRST_REG 0
[   28.248375] RVC_Call rcar_csi2_s_stream before END
[   28.256153] rcar_csi2_s_stream go to mutex_unclock
Captured 1 frames in 0.002003 seconds (499.251123 fps, 153369945.082376 B/s).
1 buffers released.
[   28.261397] 
[   28.261397] [RVC] ../drivers/media/platform/rza-vin/rza-dma.c, rvin_disable_interrupts, 523
[   28.295834] 
[   28.295834] [RVC] ../drivers/media/platform/rza-vin/rza-v4l2.c, rvin_mc_release, 1075
[   28.334235] rcar-vin e803f000.video: MSTP status timeout
$ 
$ 
