=> run xha_boot
Current Mode: Fast Read Mode (3-byte Addr)
SF: Detected mx25l51235f with page size 256 Bytes, erase size 64 KiB, total 64 MiB
New Mode: Quad I/O Read Mode (4-byte Addr)
Booting Linux...
[    0.000000] Booting Linux on physical CPU 0x0
[    0.000000] Linux version 4.14.43-g033f5ff-dirty (root@3F-L8705-LB00) (gcc version 6.4.1 20170707 (Linaro GCC 6.4-28
[    0.000000] CPU: ARMv7 Processor [414fc091] revision 1 (ARMv7), cr=50c53c7d
[    0.000000] CPU: PIPT / VIPT nonaliasing data cache, VIPT aliasing instruction cache
[    0.000000] OF: fdt: Machine model: RZA2MEVB
[    0.000000] debug: ignoring loglevel setting.
[    0.000000] bootconsole [earlycon0] enabled
[    0.000000] Memory policy: Data cache writeback
[    0.000000] On node 0 totalpages: 2048
[    0.000000] free_area_init_node: node 0, pgdat c0032eac, node_mem_map c07e8000
[    0.000000]   Normal zone: 16 pages used for memmap
[    0.000000]   Normal zone: 0 pages reserved
[    0.000000]   Normal zone: 2048 pages, LIFO batch:0
[    0.000000] CPU: All CPU(s) started in SVC mode.
[    0.000000] pcpu-alloc: s0 r0 d32768 u32768 alloc=1*32768
[    0.000000] pcpu-alloc: [0] 0 
[    0.000000] Built 1 zonelists, mobility grouping off.  Total pages: 2032
[    0.000000] Kernel command line: ignore_loglevel earlyprintk rootfstype=axfs root=/dev/null rootflags=physaddr=0x20 
[    0.000000] PID hash table entries: 32 (order: -5, 128 bytes)
[    0.000000] Dentry cache hash table entries: 1024 (order: 0, 4096 bytes)
[    0.000000] Inode-cache hash table entries: 1024 (order: 0, 4096 bytes)
[    0.000000] Memory: 7452K/8192K available (3021K kernel code, 192K rwdata, 1012K rodata, 145K init, 288K bss, 740K )
[    0.000000] Virtual kernel memory layout:
[    0.000000]     vector  : 0xffff0000 - 0xffff1000   (   4 kB)
[    0.000000]     fixmap  : 0xffc00000 - 0xfff00000   (3072 kB)
[    0.000000]     vmalloc : 0xc1000000 - 0xff800000   (1000 MB)
[    0.000000]     lowmem  : 0xc0000000 - 0xc0800000   (   8 MB)
[    0.000000]     pkmap   : 0xbfe00000 - 0xc0000000   (   2 MB)
[    0.000000]       .text : 0xbf800000 - 0xbfbf0898   (4035 kB)
[    0.000000]       .init : 0xc0039000 - 0xc0046000   (  52 kB)
[    0.000000]       .data : 0xc0008000 - 0xc0038140   ( 193 kB)
[    0.000000]        .bss : 0xc0046000 - 0xc008e070   ( 289 kB)
[    0.000000] NR_IRQS: 16, nr_irqs: 16, preallocated irqs: 16
[    0.000000] L2C-310 cache controller enabled, 8 ways, 128 kB
[    0.000000] L2C-310: CACHE_ID 0x410000c9, AUX_CTRL 0x02020000
[    0.000000] clocksource: ostm: mask: 0xffffffff max_cycles: 0xffffffff, max_idle_ns: 28958491609 ns
[    0.000082] sched_clock: 32 bits at 66MHz, resolution 15ns, wraps every 32537631224ns
[    0.008443] ostm: used for clocksource
[    0.015013] ostm: used for clock events
[    0.022810] Console: colour dummy device 80x30
[    0.030279] console [tty0] enabled
[    0.034291] bootconsole [earlycon0] disabled
[    0.000000] Booting Linux on physical CPU 0x0
[    0.000000] Linux version 4.14.43-g033f5ff-dirty (root@3F-L8705-LB00) (gcc version 6.4.1 20170707 (Linaro GCC 6.4-28
[    0.000000] CPU: ARMv7 Processor [414fc091] revision 1 (ARMv7), cr=50c53c7d
[    0.000000] CPU: PIPT / VIPT nonaliasing data cache, VIPT aliasing instruction cache
[    0.000000] OF: fdt: Machine model: RZA2MEVB
[    0.000000] debug: ignoring loglevel setting.
[    0.000000] bootconsole [earlycon0] enabled
[    0.000000] Memory policy: Data cache writeback
[    0.000000] On node 0 totalpages: 2048
[    0.000000] free_area_init_node: node 0, pgdat c0032eac, node_mem_map c07e8000
[    0.000000]   Normal zone: 16 pages used for memmap
[    0.000000]   Normal zone: 0 pages reserved
[    0.000000]   Normal zone: 2048 pages, LIFO batch:0
[    0.000000] CPU: All CPU(s) started in SVC mode.
[    0.000000] pcpu-alloc: s0 r0 d32768 u32768 alloc=1*32768
[    0.000000] pcpu-alloc: [0] 0 
[    0.000000] Built 1 zonelists, mobility grouping off.  Total pages: 2032
[    0.000000] Kernel command line: ignore_loglevel earlyprintk rootfstype=axfs root=/dev/null rootflags=physaddr=0x20 
[    0.000000] PID hash table entries: 32 (order: -5, 128 bytes)
[    0.000000] Dentry cache hash table entries: 1024 (order: 0, 4096 bytes)
[    0.000000] Inode-cache hash table entries: 1024 (order: 0, 4096 bytes)
[    0.000000] Memory: 7452K/8192K available (3021K kernel code, 192K rwdata, 1012K rodata, 145K init, 288K bss, 740K )
[    0.000000] Virtual kernel memory layout:
[    0.000000]     vector  : 0xffff0000 - 0xffff1000   (   4 kB)
[    0.000000]     fixmap  : 0xffc00000 - 0xfff00000   (3072 kB)
[    0.000000]     vmalloc : 0xc1000000 - 0xff800000   (1000 MB)
[    0.000000]     lowmem  : 0xc0000000 - 0xc0800000   (   8 MB)
[    0.000000]     pkmap   : 0xbfe00000 - 0xc0000000   (   2 MB)
[    0.000000]       .text : 0xbf800000 - 0xbfbf0898   (4035 kB)
[    0.000000]       .init : 0xc0039000 - 0xc0046000   (  52 kB)
[    0.000000]       .data : 0xc0008000 - 0xc0038140   ( 193 kB)
[    0.000000]        .bss : 0xc0046000 - 0xc008e070   ( 289 kB)
[    0.000000] NR_IRQS: 16, nr_irqs: 16, preallocated irqs: 16
[    0.000000] L2C-310 cache controller enabled, 8 ways, 128 kB
[    0.000000] L2C-310: CACHE_ID 0x410000c9, AUX_CTRL 0x02020000
[    0.000000] clocksource: ostm: mask: 0xffffffff max_cycles: 0xffffffff, max_idle_ns: 28958491609 ns
[    0.000082] sched_clock: 32 bits at 66MHz, resolution 15ns, wraps every 32537631224ns
[    0.008443] ostm: used for clocksource
[    0.015013] ostm: used for clock events
[    0.022810] Console: colour dummy device 80x30
[    0.030279] console [tty0] enabled
[    0.034291] bootconsole [earlycon0] disabled
[    0.039899] Calibrating delay loop (skipped) preset value.. 1056.00 BogoMIPS (lpj=5280000)
[    0.040177] pid_max: default: 32768 minimum: 301
[    0.042385] Mount-cache hash table entries: 1024 (order: 0, 4096 bytes)
[    0.042565] Mountpoint-cache hash table entries: 1024 (order: 0, 4096 bytes)
[    0.053502] CPU: Testing write buffer coherency: ok
[    0.070994] Setting up static identity map for 0x3f800200 - 0x3f800254
[    0.089673] devtmpfs: initialized
[    0.105694] random: get_random_u32 called from bucket_table_alloc+0xc3/0xec with crng_init=0
[    0.110316] VFP support v0.3: implementor 41 architecture 3 part 30 variant 9 rev 4
[    0.118777] clocksource: jiffies: mask: 0xffffffff max_cycles: 0xffffffff, max_idle_ns: 19112604462750000 ns
[    0.119938] futex hash table entries: 256 (order: -1, 3072 bytes)
[    0.122142] pinctrl core: initialized pinctrl subsystem
[    0.140279] NET: Registered protocol family 16
[    0.151089] DMA: preallocated 256 KiB pool for atomic coherent allocations
[    0.162785] No ATAGs?
[    0.414734] SCSI subsystem initialized
[    0.419592] usbcore: registered new interface driver usbfs
[    0.420254] usbcore: registered new interface driver hub
[    0.422024] usbcore: registered new device driver usb
[    0.423037] media: Linux media interface: v0.10
[    0.423686] Linux video capture interface: v2.00
[    0.503225] clocksource: Switched to clocksource ostm
[    1.031732] NET: Registered protocol family 2
[    1.046639] TCP established hash table entries: 1024 (order: 0, 4096 bytes)
[    1.047354] TCP bind hash table entries: 1024 (order: 0, 4096 bytes)
[    1.047559] TCP: Hash tables configured (established 1024 bind 1024)
[    1.051166] UDP hash table entries: 256 (order: 0, 4096 bytes)
[    1.051477] UDP-Lite hash table entries: 256 (order: 0, 4096 bytes)
[    1.055702] NET: Registered protocol family 1
[    1.079296] RPC: Registered named UNIX socket transport module.
[    1.079984] RPC: Registered udp transport module.
[    1.080041] RPC: Registered tcp transport module.
[    1.080100] RPC: Registered tcp NFSv4.1 backchannel transport module.
[    1.130134] workingset: timestamp_bits=30 max_order=11 bucket_order=0
[    1.149216] NFS: Registering the id_resolver key type
[    1.150794] Key type id_resolver registered
[    1.150925] Key type id_legacy registered
[    1.151326] nfs4filelayout_init: NFSv4 File Layout Driver Registering...
[    1.151570] nfs4flexfilelayout_init: NFSv4 Flexfile Layout Driver Registering...
[    1.152133] jffs2: version 2.2. (NAND) �© 2001-2006 Red Hat, Inc.
[    1.177801] Key type asymmetric registered
[    1.178673] Asymmetric key parser 'x509' registered
[    1.182216] Block layer SCSI generic (bsg) driver version 0.4 loaded (major 250)
[    1.182580] io scheduler noop registered
[    1.183702] io scheduler deadline registered
[    1.185201] io scheduler cfq registered (default)
[    1.185341] io scheduler mq-deadline registered
[    1.232110] vdc5fb fcff7400.display: fcff7400.display: [gwp0700cnwv04] dotclock 33.000 MHz, dcdr 2
[    1.266873] vdc5fb: Layer 2 Enabled (800x480 @ 0x80000000)
[    1.367658] vdc5fb fcff7400.display: update_regs timeout reg=00000080, bits=00000001, now=00000001
[    1.468185] vdc5fb fcff7400.display: update_regs timeout reg=00000100, bits=00003111, now=00001001
[    1.568436] vdc5fb fcff7400.display: update_regs timeout reg=00000180, bits=00110011, now=00010011
[    1.728848] Console: switching to colour frame buffer device 100x30
[    1.785910] graphics fb0: registered fcff7400.display as 800x480 @ 59 Hz, 16 bpp.
[    1.824413] Serial: 8250/16550 driver, 4 ports, IRQ sharing disabled
[    1.891297] SuperH (H)SCI(F) driver initialized
[    1.909502] e8009000.serial: ttySC0 at MMIO 0xe8009000 (irq = 19, base_baud = 0) is a scif
[    2.528305] console [ttySC0] enabled
[    2.568512] 1 ofpart partitions found on MTD device 20000000.qspi
[    2.582555] Creating 1 MTD partitions on "20000000.qspi":
[    2.593370] 0x000000800000-0x000001800000 : "user"
[    2.644314] random: fast init done
[    2.696627] libphy: Fixed MDIO Bus: probed
[    2.716230] usbcore: registered new interface driver usb-storage
[    2.731470] i2c /dev entries driver
[    2.815707] i2c-riic e803a800.i2c: registered with 400000Hz bus speed
[    2.881868] ft5x06-ts 3-0038: ft5x06_init_panel: could not detect ft5x06
[    2.897132] ft5x06-ts 3-0038: could not init touch panel
[    2.909246] ft5x06-ts: probe of 3-0038 failed with error -5
[    2.951402] at24 3-0050: 16384 byte 24c128 EEPROM, writable, 64 bytes/write
[    2.968700] i2c-riic e803ac00.i2c: registered with 400000Hz bus speed
[    2.989922] imx219_probe Aug 12
[    3.001046] imx219_probe 1
[    3.008884] imx219_ctrls_init
[    3.018127] imx219_s_ctrl
[    3.025267] V4L2_CID_HFLIP
[    3.051282] imx219_s_ctrl
[    3.060751] V4L2_CID_VFLIP
[    3.068750] imx219_s_ctrl
[    3.075374] V4L2_CID_ANALOGUE_GAIN
[    3.082452] imx219_s_ctrl
[    3.088362] V4L2_CID_GAIN
[    3.094417] imx219_s_ctrl
[    3.099807] V4L2_CID_TEST_PATTERN
[    3.105860] imx219_s_ctrl_test_pattern
[    3.112210] imx219_s_ctrl_test_pattern DISABLE
[    3.119702] imx219_probe 2
[    3.124971] imx219_probe 3
[    3.129994] imx219_s_power
[    3.135398] imx219 2-0010: clk enable
[    3.141273] imx219_video_probe check chip ID 
[    3.149953] imx219 2-0010: Model ID 0x0219, Lot ID 0x686b22, Chip ID 0x0411
[    3.159666] imx219_s_power
[    3.164828] imx219 2-0010: clk disable
[    3.170794] v4l2_async_register_subdev
[    3.176818] imx219_probe 4 camera driver probed ok
[    3.196803] 
[    3.196803] [RVC] ../drivers/media/platform/rza-vin/rza-csi2.c, rcar_csi2_probe, 764
[    3.197077] 
[    3.197077] [RVC] ../drivers/media/platform/rza-vin/rza-csi2.c, rcar_csi2_probe_resources, 726
[    3.213391] rza-csi2 e8209000.csi2: rcar_csi2_probe_resources 
[    3.238934] called v4l2_device_register c0417600
[    3.246611] rza-csi2 e8209000.csi2: call rcar_csi2_parse_dt
[    3.255009] 
[    3.255009] [RVC] ../drivers/media/platform/rza-vin/rza-csi2.c, rcar_csi2_parse_dt, 663
[    3.255901] 
[    3.255901] [RVC] ../drivers/media/platform/rza-vin/rza-csi2.c, rcar_csi2_parse_v4l2, 627
[    3.271184] rza-csi2 e8209000.csi2: Found '/i2c@e803a800/imx219@10'
[    3.295931] call v4l2_async_notifier_register c0417600
[    3.304500] rcar_csi2_notify_bound
[    3.310832] 
[    3.310832] [RVC] ../drivers/media/platform/rza-vin/rza-csi2.c, rcar_csi2_notify_bound, 581
[    3.310955] 
[    3.310955] [RVC] ../drivers/media/platform/rza-vin/rza-csi2.c, rcar_csi2_notify_complete, 606
[    3.356116] priv->subdev.name rza_csi2 e8209000.csi2 
[    3.385332] v4l2_async_register_subdev
[    3.393115] v4l2_async_find_match failed
[    3.401013] rza-csi2 e8209000.csi2: RVC debug 2 lanes found
[    3.419352] 
[    3.419352] [RVC] ../drivers/media/platform/rza-vin/rza-core.c, rcar_vin_probe, 1027
[    3.421490] 
[    3.421490] [RVC] ../drivers/media/platform/rza-vin/rza-dma.c, rvin_dma_probe, 1228
[    3.441110] rvin_dma_probe call v4l2_device_register c06c6b28 
[    3.460461] 
[    3.460461] [RVC] ../drivers/media/platform/rza-vin/rza-core.c, rvin_group_init, 892
[    3.471089] 
[    3.471089] [RVC] ../drivers/media/platform/rza-vin/rza-core.c, rvin_group_allocate, 336
[    3.488170] 
[    3.488170] [RVC] ../drivers/media/platform/rza-vin/rza-core.c, __rvin_group_allocate, 286
[    3.530467] 
[    3.530467] [RVC] ../drivers/media/platform/rza-vin/rza-core.c, rvin_group_add_vin, 308
[    3.552640] 
[    3.552640] [RVC] ../drivers/media/platform/rza-vin/rza-core.c, rvin_group_read_id, 246
[    3.571303] 
[    3.571303] [RVC] ../drivers/media/platform/rza-vin/rza-core.c, rvin_group_graph_parse, 778
[    3.589064] 
[    3.589064] [RVC] ../drivers/media/platform/rza-vin/rza-core.c, rvin_group_read_id, 246
[    3.607534] 
[    3.607534] [RVC] ../drivers/media/platform/rza-vin/rza-core.c, rvin_group_get_remote, 755
[    3.625685] 
[    3.625685] [RVC] ../drivers/media/platform/rza-vin/rza-core.c, rvin_group_get_remote, 755
[    3.644252] 
[    3.644252] [RVC] ../drivers/media/platform/rza-vin/rza-core.c, rvin_group_graph_parse, 778
[    3.662802] 
[    3.662802] [RVC] ../drivers/media/platform/rza-vin/rza-core.c, rvin_group_read_id, 246
[    3.681197] 
[    3.681197] [RVC] ../drivers/media/platform/rza-vin/rza-core.c, rvin_group_get_remote, 755
[    3.699487] 
[    3.699487] [RVC] ../drivers/media/platform/rza-vin/rza-v4l2.c, rvin_v4l2_register, 1141
[    3.718515] 
[    3.718515] [RVC] ../drivers/media/platform/rza-vin/rza-v4l2.c, rvin_format_align, 136
[    3.737268] 
[    3.737268] [RVC] ../drivers/media/platform/rza-vin/rza-v4l2.c, rvin_format_from_pixel, 78
[    3.756063] rvin_format_align DEFAULT V4L2_FIELD_NONE
[    3.784794] 
[    3.784794] [RVC] ../drivers/media/platform/rza-vin/rza-v4l2.c, __rvin_format_aling_update, 114
[    3.784971] 
[    3.784971] [RVC] ../drivers/media/platform/rza-vin/rza-v4l2.c, rvin_format_bytesperline, 89
[    3.804261] 
[    3.804261] [RVC] ../drivers/media/platform/rza-vin/rza-v4l2.c, rvin_format_from_pixel, 78
[    3.823207] 
[    3.823207] [RVC] ../drivers/media/platform/rza-vin/rza-v4l2.c, rvin_format_sizeimage, 100
[    3.842309] rcar-vin e803f000.video: Format 800x600 bpl: 1600 size: 960000
[    3.898949] rcar-vin e803f000.video: Device registered as video0
[    3.913450] 
[    3.913450] [RVC] ../drivers/media/platform/rza-vin/rza-core.c, rvin_group_graph_register, 849
[    3.914298] 
[    3.914298] [RVC] ../drivers/media/platform/rza-vin/rza-core.c, rvin_group_notify_bound, 734
[    3.934379] 
[    3.934379] [RVC] ../drivers/media/platform/rza-vin/rza-core.c, rvin_group_notify_complete, 706
[    3.969179] 
[    3.969179] [RVC] ../drivers/media/platform/rza-vin/rza-core.c, rvin_group_update_links, 658
[    3.991191] 
[    3.991191] [RVC] ../drivers/media/platform/rza-vin/rza-dma.c, rvin_get_chsel, 1307
[    4.010867] chsel 0
[    4.029295] 
[    4.029295] [RVC] ../drivers/media/platform/rza-vin/rza-core.c, rvin_group_add_link, 636
[    4.347954] sh_mobile_sdhi e8228000.sd: mmc0 base at 0xe8228000 max clock rate 132 MHz
[    4.391901] usbcore: registered new interface driver usbhid
[    4.404987] usbhid: USB HID core driver
[    4.420401] NET: Registered protocol family 10
[    4.482269] Segment Routing with IPv6
[    4.496428] sit: IPv6, IPv4 and MPLS over IPv4 tunneling driver
[    4.527385] NET: Registered protocol family 17
[    4.542077] Key type dns_resolver registered
[    4.555623] rza2mevb_init_late: Error: Could not find QSPI clock
[    4.629911] hctosys: unable to open rtc device (rtc0)
[    4.686530] VFS: Mounted root (axfs filesystem) readonly on device 0:11.
[    4.707606] devtmpfs: mounted
[    4.719082] Freeing unused kernel memory: 52K
[    4.728463] This architecture does not have kernel memory protection.
Starting logging: OK
read-only file system detected...done
Starting network: OK
Wed Nov  1 09:00:00 UTC 2017
[   10.704535] Console: switching to colour dummy device 80x30
/etc/init.d/S99_rea_setup: line 34: fbv: not found
/etc/init.d/S99_rea_setup: line 47: alsactl: not found

Welcome to Buildroot
buildroot login: root
media-ctl -d /dev/media0 -l "'rza_csi2 e8209000.csi2':1 -> 'rza_vin e803f000.video':0 [1]"
media-ctl -V "'rza_csi2 e8209000.csi2':1 [fmt:SRGGB8_1X8/320x240 field:none]"
/root/yavta_debug  /dev/video0 -c1 -n1 -f SRGGB8 -s 320x240 -F"/tmp/SRGGB8.bin"$ media-ctl -d /dev/media0 -l "'rza_csiv
ideo':0 [1]"
$ media-ctl -V "'rza_csi2 e8209000.csi2':1 [fmt:SRGGB8_1X8/320x240 field:none]"
$ /root/yavta_debug  /dev/video0 -c1 -n1 -f SRGGB8 -s 320x240 -F"/tmp/SRGGB8.bin
"
[   39.819136] 
[   39.819136] [RVC] ../drivers/media/platform/rza-vin/rza-v4l2.c, rvin_mc_open, 1045
[   39.819711] 
[   39.819711] [RVC] ../drivers/media/platform/rza-vin/rza-v4l2.c, rvin_get_sd_format, 236
[   39.831215] 
[   39.831215] [RVC] ../drivers/media/platform/rza-vin/rza-csi2.c, rcar_csi2_get_pad_format, 545
[   39.841703] 
[   39.841703] [RVC] ../drivers/media/platform/rza-vin/rza-v4l2.c, rvin_format_bytesperline, 89
[   39.851991] 
[   39.851991] [RVC] ../drivers/media/platform/rza-vin/rza-v4l2.c, rvin_format_from_pixel, 78
Device /dev/video0 opened.
[   39.863552] 
[   39.863552] [RVC] ../drivers/media/platform/rza-vin/rza-v4l2.c,end of rvin_mc_open, 1063
Device `R_Car_VIN' on `p[   39.917432] 
[   39.917432] [RVC] ../drivers/media/platform/rza-vin/rza-v4l2.c, rvin_querycap, 384
latform:e803f000[   39.930654] 
[   39.930654] [RVC] ../drivers/media/platform/rza-vin/rza-v4l2.c, rvin_mc_s_fmt_vid_cap, 832
.video' is a vid[   39.942123] 
[   39.942123] [RVC] ../drivers/media/platform/rza-vin/rza-v4l2.c, __rvin_mc_try_format, 815
eo capture devic[   39.953469] 
[   39.953469] [RVC] ../drivers/media/platform/rza-vin/rza-v4l2.c, rvin_format_align, 136
e.
[   39.964749] 
[   39.964749] [RVC] ../drivers/media/platform/rza-vin/rza-v4l2.c, rvin_format_from_pixel, 78
[   39.975756] 
[   39.975756] [RVC] ../drivers/media/platform/rza-vin/rza-v4l2.c, __rvin_format_aling_update, 114
[   39.985922] 
[   39.985922] [RVC] ../drivers/media/platform/rza-vin/rza-v4l2.c, rvin_format_bytesperline, 89
[   39.996250] 
[   39.996250] [RVC] ../drivers/media/platform/rza-vin/rza-v4l2.c, rvin_format_from_pixel, 78
[   40.006342] 
[   40.006342] [RVC] ../drivers/media/platform/rza-vin/rza-v4l2.c, rvin_format_sizeimage, 100
[   40.016751] rcar-vin e803f000.video: Format 320x240 bpl: 1280 size: 307200
Video format set: SRGGB8 (42474752) 320x240 (stride 1280)[   40.067181] 
[   40.067181] [RVC] ../drivers/media/platform/rza-vin/rza-v4l2.c, rvin_g_fmt_vid_cap, 422
 buffer size 307200
Video format: SRGGB8 (42474752) 320x240 (stride 1280) buffer size 307200
1 buffers requested.
length: 307200 offset: 0
Buffer 0 mapped at address 0xb6ed1000.
[   40.069120] 
[   40.069120] [RVC] ../drivers/media/platform/rza-vin/rza-dma.c, rvin_queue_setup, 913
[   40.122542] 
[   40.122542] [RVC] ../drivers/media/platform/rza-vin/rza-dma.c, rvin_buffer_queue, 945
[   40.134496] 
[   40.134496] [RVC] ../drivers/media/platform/rza-vin/rza-dma.c, rvin_start_streaming, 1074
[   40.144368] 
[   40.144368] [RVC] ../drivers/media/platform/rza-vin/rza-dma.c, rvin_set_stream, 984
[   40.154458] 
[   40.154458] [RVC] ../drivers/media/platform/rza-vin/rza-csi2.c, rcar_csi2_get_pad_format, 545
[   40.164353] 
[   40.164353] [RVC] ../drivers/media/platform/rza-vin/rza-csi2.c, rcar_csi2_s_stream, 461
[   40.175646] RVC_Call rcar_csi2_start
[   40.189127] 
[   40.189127] [RVC] ../drivers/media/platform/rza-vin/rza-csi2.c, rcar_csi2_start, 328
[   40.189571] rza-csi2 e8209000.csi2: Input size (320x240p)
[   40.204626] 
[   40.204626] [RVC] ../drivers/media/platform/rza-vin/rza-csi2.c, rcar_csi2_calc_phy_timing, 291
[   40.204726] PHYTIM3_REG c03
[   40.214945] PHYTIM2_REG 30f03
[   40.217768] PHYTIM1_REG 3b5f
[   40.220809] INTSTATE_REG 803a418
[   40.223771] TREF_REG 1
[   40.227055] 
[   40.227055] [RVC] ../drivers/media/platform/rza-vin/rza-csi2.c, rcar_csi2_reset, 245
[   40.270923] SRST_REG 0
[   40.282338] FLD_REG 0
[   40.285195] CHKSUM_REG 3
[   40.287568] FRDT_REG 10000
[   40.290141] LINKCNT_REG 83000000
[   40.293095] VCDT_REG 11e802a
[   40.296387] LSWAP_REG e4
[   40.299318] PHYCNT_REG 13
[   40.301882] PHYCNT_REG 20013
[   40.304617] PHYCNT_REG 30013
[   40.307625] 
[   40.307625] [RVC] ../drivers/media/platform/rza-vin/rza-csi2.c, rcar_csi2_wait_phy_start, 255
[   40.310829] rza-csi2 e8209000.csi2: PHCLM_REG d
[   40.325696] rza-csi2 e8209000.csi2: PHDLM_REG 3000, priv->lanes 2, lane_mask 3
[   40.333132] RVC_Call finish rcar_csi2_start
[   40.337427] imx219_s_power
[   40.340541] imx219 2-0010: clk enable
[   40.344409] imx219_s_stream
[   40.347242] Before reg_write_table 
[   40.467679] After reg_write_table and before handle crop 
[   40.506465] After handle crop 
[   40.528615] before reg_write_table again 
[   40.535600] RVC_Call v4l2_subdev_call
[   40.539461] after1 FCNTM_REG 0
[   40.539486] after1 PHYDIM_REG 0
[   40.542788] after1 PHYIM_REG 800000b5
[   40.545979] after1 VINDM_REG 0
[   40.549685] after1 VINSM1_REG 0
[   40.552864] after1 VINSM3_REG c000
[   40.556065] after1 PHYOM_REG 13
[   40.559514] after1 SHPDAT_REG 0
[   40.562751] RVC_Call rcar_csi2_s_stream before END
[   40.570760] rcar_csi2_s_stream go to mutex_unclock
[   40.575828] 
[   40.575828] [RVC] ../drivers/media/platform/rza-vin/rza-dma.c, rvin_capture_start, 662
[   40.575915] 
[   40.575915] [RVC] ../drivers/media/platform/rza-vin/rza-dma.c, rvin_fill_hw, 630
[   40.585429] limit = 1 , vin->continuous 0, HW_BUFFER_NUM 3 
[   40.599983] 
[   40.599983] [RVC] ../drivers/media/platform/rza-vin/rza-dma.c, rvin_fill_hw_slot, 604
[   40.600240] rcar-vin e803f000.video: Filling HW slot: 0
[   40.615044] 
[   40.615044] [RVC] ../drivers/media/platform/rza-vin/rza-dma.c, rvin_set_slot_addr, 565
[   40.615117] 
[   40.615117] [RVC] ../drivers/media/platform/rza-vin/rza-v4l2.c, rvin_format_from_pixel, 78
[   40.624663] offsetx  0 
[   40.636946] offsety  0 
[   40.639420] addr  40200000, offset 0 
[   40.643110] 
[   40.643110] [RVC] ../drivers/media/platform/rza-vin/rza-v4l2.c, rvin_format_from_pixel, 78
[   40.643116] offsetx  0 
[   40.655392] offsety  0 
[   40.657865] addr  40200000, offset 0 
[   40.661617] VNMB_REG(0) 40200000, 30
[   40.665224] 
[   40.665224] [RVC] ../drivers/media/platform/rza-vin/rza-dma.c,end of rvin_set_slot_addr, 595
[   40.665232] 
[   40.665232] [RVC] ../drivers/media/platform/rza-vin/rza-dma.c,end of rvin_fill_hw, 636
[   40.675262] 
[   40.675262] [RVC] ../drivers/media/platform/rza-vin/rza-dma.c, rvin_crop_scale_comp, 266
[   40.684779] VNSPPRC_REG 64
[   40.694422] VNEPPRC_REG 383
[   40.697213] default VNSLPRC_REG 18
[   40.700057] VNELPRC_REG 1f7
[   40.703493] 
[   40.703493] [RVC] ../drivers/media/platform/rza-vin/rza-dma.c, rvin_crop_scale_comp_gen3, 216
[   40.706351] 
[   40.706351] [RVC] ../drivers/media/platform/rza-vin/rza-dma.c, rvin_get_bwidth, 190
[   40.716432] 
[   40.716432] [RVC] ../drivers/media/platform/rza-vin/rza-dma.c, rvin_get_bwidth, 190
[   40.725676] VNUDS_CTRL_REG 40000000
[   40.734885] VNUDS_PASS_BWIDTH_REG 400040
[   40.738413] VNMC_REG 4000a
[   40.742364] VNIS_REG 190
[   40.745094] 
[   40.745094] [RVC] ../drivers/media/platform/rza-vin/rza-dma.c, rvin_setup, 326
[   40.747655] progressive = true 
[   40.759592] Support MEDIA_BUS_FMT_SRGGB8_1X8
[   40.759647] Enable FTEV dmr2 20000
[   40.767414] Enable VNDMR2_HPS dmr2 20020000
[   40.771633] Enable VNDMR2_VPS dmr2 60020000
[   40.775910] output V4L2_PIX_FMT_SRGGB8 
[   40.779800] rcar-vin e803f000.video: Use bypass mode
[   40.784822] 
[   40.784822] [RVC] ../drivers/media/platform/rza-vin/rza-dma.c, rvin_is_scaling, 311
[   40.784868] VNINTS_REG 0
[   40.796623] VNIE_REG 10
[   40.799088] VNDMR_REG 0
[   40.799098] VNDMR2_REG 60020000
[   40.801566] VNMC_REG 4000b
[   40.804767] 
[   40.804767] [RVC] ../drivers/media/platform/rza-vin/rza-dma.c, rvin_capture_on, 642
[   40.807517] rcar-vin e803f000.video: Capture on in single mode
[   40.822603] Single Frame VNFC_REG 0
[   41.749023] 
[   41.749023] [RVC] ../drivers/media/platform/rza-vin/rza-dma.c, rvin_irq, 778
[   41.749361] 
[   41.749361] [RVC] ../drivers/media/platform/rza-vin/rza-dma.c, rvin_get_interrupt_status, 530
[   41.758772] VNINTS_REG d0030010
[   41.768967] 
[   41.768967] [RVC] ../drivers/media/platform/rza-vin/rza-dma.c, rvin_ack_interrupt, 537
[   41.772187] VNINTS_REG 0
[   41.781683] VNMS_REG 7
[   41.784265] 
[   41.784265] [RVC] ../drivers/media/platform/rza-vin/rza-dma.c, rvin_get_active_slot, 553
[   41.786650] VNMS_REG 7
[   41.796622] rcar-vin e803f000.video: IRQ 00: 0       buf0: x buf1: 0 buf2: 0 more: 0
[   41.806309] 
[   41.806309] [RVC] ../drivers/media/platform/rza-vin/rza-dma.c, rvin_seq_field_done, 725
[   41.806333] rvin_seq_field_done VNMS_REG 7
[   41.816230] 
[   41.816230] [RVC] ../drivers/media/platform/rza-vin/rza-dma.c, rvin_fill_hw, 630
[   41.820433] limit = 1 , vin->continuous 0, HW_BUFFER_NUM 3 
0 (0) [-] 0 307200 bytes 41.793393 41.823619 1.093 fps
write buf(0)
Content of buf 12 at address b6ed1000
Content of buf 11 at address b6ed1001
Con[   41.834998] 
[   41.834998] [RVC] ../drivers/media/platform/rza-vin/rza-dma.c, rvin_fill_hw_slot, 604
tent of buf 12 a[   41.942140] 
[   41.942140] [RVC] ../drivers/media/platform/rza-vin/rza-dma.c, rvin_stop_streaming, 1103
[   41.955648] VNFC_REG 0
[   41.966328] 
[   41.966328] [RVC] ../drivers/media/platform/rza-vin/rza-dma.c, rvin_capture_stop, 699
[   41.968760] VNMC_REG 4000b
[   41.978186] VNMC_REG 4000a
[   41.980988] 
[   41.980988] [RVC] ../drivers/media/platform/rza-vin/rza-dma.c, rvin_capture_active, 545
[   41.983766] VNMS_REG 5
t address b6ed1002
Content of buf 11 at address b6ed1003
Content of buf 11 at address b6ed1004
Content of buf 11 at address b6ed1005
Content of buf 12 at address b6ed1006
Content of buf 12 at address b6ed1007
Content of buf 12 at address b6ed1008
Content of buf 11 at address b6ed1009
write buf(0)
[   41.993348] VNMS_CA 1
[   42.044052] 
[   42.044052] [RVC] ../drivers/media/platform/rza-vin/rza-dma.c, rvin_irq, 778
[   42.047383] 
[   42.047383] [RVC] ../drivers/media/platform/rza-vin/rza-dma.c, rvin_get_interrupt_status, 530
[   42.056036] VNINTS_REG d0030012
[   42.066199] 
[   42.066199] [RVC] ../drivers/media/platform/rza-vin/rza-dma.c, rvin_ack_interrupt, 537
[   42.069423] VNINTS_REG 0
[   42.078907] VNMS_REG 8
[   42.113897] VNFC_REG 0
[   42.117035] 
[   42.117035] [RVC] ../drivers/media/platform/rza-vin/rza-dma.c, rvin_capture_stop, 699
[   42.119474] VNMC_REG 4000a
[   42.128865] VNMC_REG 4000a
[   42.131629] 
[   42.131629] [RVC] ../drivers/media/platform/rza-vin/rza-dma.c, rvin_capture_active, 545
[   42.134372] VNMS_REG 8
[   42.143937] VNMS_CA 1
[   42.146367] 
[   42.146367] [RVC] ../drivers/media/platform/rza-vin/rza-dma.c, return_all_buffers, 892
[   42.149451] 
[   42.149451] [RVC] ../drivers/media/platform/rza-vin/rza-dma.c, rvin_set_stream, 984
[   42.159750] 
[   42.159750] [RVC] ../drivers/media/platform/rza-vin/rza-csi2.c, rcar_csi2_s_stream, 461
[   42.169218] RVC_Call rcar_csi2_stop
[   42.182473] after FCNTM_REG 5
[   42.182496] after PHYDIM_REG 0
[   42.185592] after PHYIM_REG 80000021
[   42.188716] after VINDM_REG 37003700
[   42.192333] after VINSM1_REG 505a
[   42.195986] after VINSM3_REG c0f0
[   42.199360] after PHYOM_REG 13
[   42.202744] after SHPDAT_REG 0
[   42.205875] 
[   42.205875] [RVC] ../drivers/media/platform/rza-vin/rza-csi2.c, rcar_csi2_reset, 245
[   42.242506] SRST_REG 0
[   42.254561] RVC_Call rcar_csi2_s_stream before END
[   42.261949] rcar_csi2_s_stream go to mutex_unclock
Captured 1 frames in 0.945311 seconds (1.057852 fps, 324972.203002 B/s).
1 buffers released.
[   42.267298] 
[   42.267298] [RVC] ../drivers/media/platform/rza-vin/rza-dma.c, rvin_disable_interrupts, 523
[   42.302112] 
[   42.302112] [RVC] ../drivers/media/platform/rza-vin/rza-v4l2.c, rvin_mc_release, 1075
[   42.320986] rcar-vin e803f000.video: MSTP status timeout
$ 
