==============run MIPI-VIN capture
	{V4L2_MBUS_FMT_UYVY8_2X8, V4L2_COLORSPACE_SRGB},
media-ctl -d /dev/media0 -p
mem r w fcfe042c 1   (VIN)
fcfe042c: c0c0 -> 8080

$ mem r b fcfe0430 1   (MIPI)
fcfe0430: 30 -> 10

=> check i2c-2 DRR
mem r w e803a840 1 

media-ctl -V "'rza_csi2 e8209000.csi2':1 [fmt:SRGGB10_1X10/640x480 field:none]"

media-ctl -d /dev/media0 -l "'rza_csi2 e8209000.csi2':1 -> 'rza_vin e803f000.video':0 [1]"
media-ctl -V "'rza_csi2 e8209000.csi2':1 [fmt:UYVY8_2X8/640x480 field:none]"
yavta /dev/video0 -c1 -n1 -f NV12 -s 640x480 -F"/tmp/NV12#.bin"

yavta -f YUYV -s 640x480 -c10 --skip 7 --file='/tmp/vin0.bin' /dev/video0

yavta /dev/video0 -c1 -n1 -f NV12 -s 640x480 -F"/tmp/NV12#.bin"
$./ov76_test -c -n

yavta -f YUYV -s 640x480 -c100 --file='/mnt/vin100.bin' /dev/video0
mem r w e803a842 1
mem r w e803a83c 1
mplayer -demuxer rawvideo -rawvideo w=640:h=480:format=NV12 /data1/KhanhTran/NV12000000.bin -loop 0

=================build imx219.c==================
cp imx219.c, imx219.h, modify makefie, Kconfig in drivers/media/i2c
cp below file header
#include <media/v4l2-chip-ident.h>
#include <linux/videodev2_brcm.h>

=====================
Media controller API version 4.14.43

Media device information
------------------------
driver          Renesas VIN
model           video
serial          
bus info        /video@e803f000
hw revision     0x0
driver version  4.14.43

Device topology
- entity 1: rza_vin e803f000.video (1 pad, 1 link)
            type Node subtype V4L flags 0
            device node name /dev/video0
        pad0: Sink
                <- "rza_csi2 e8209000.csi2":1 [ENABLED]

- entity 5: rza_csi2 e8209000.csi2 (5 pads, 1 link)
            type V4L2 subdev subtype Unknown flags 0
            device node name /dev/v4l-subdev0
        pad0: Sink
                [fmt:unknown/0x0]
        pad1: Source
                [fmt:unknown/0x0]
                -> "rza_vin e803f000.video":0 [ENABLED]
        pad2: Source
                [fmt:unknown/0x0]
        pad3: Source
                [fmt:unknown/0x0]
        pad4: Source
                [fmt:unknown/0x0]

$ capturev4l2 
Driver Caps:
  Driver: "rza_vin"
  Card: "R_Car_VIN"
  Bus: "platform:e803f000.video"
  Version: 1.0
  Capabilities: 85200001
Camera Cropping:
  Bounds: 0x0+0+0
  D[   66.691657] rza-vin e803f000.video: Format 0x47504a4d not found, using de9
[   66.703244] rza-vin e803f000.video: Format 640x480 bpl: 1280 size: 614400

  Aspect: 1/1
  FMT : CE Desc
--------------------
  NV12:    Y/CbCr 4:2:0
  NV16:    Y/CbCr 4:2:2
  YUYV:    YUYV 4:2:2
  UYVY:    UYVY 4:2:2
  RGBP:    16-bit RGB 5-6-5
  AR15:    16-bit ARGB 1-5-5-5
  AR24:    32-bit BGRA 8-8-8-8
  XR24:    32-bit BGRX 8-8-8-8
Selected Camera Mode:
  Width: 640
  Height: 480
  PixFmt: YUYV
  Field: 1
Length: 614400
Address: 0xb6ddb000
Image Length: 0
Start Capture: Broken pipe
[   66.803053] rza-vin e803f000.video: MSTP status timeout
$ media-ctl -d /dev/media0 -l "'[  124.499495] random: crng init done
^C
$ media-ctl -d /dev/media0 -l "'rza_csi2 e8209000.csi2':1 -> 'rza_vin e803f000.v
ideo':0 [1] "
$ ==========


i2c-riic e803ac00.i2c: registered with 400000Hz bus speed
[    2.982002] rcar-csi2 e8209000.csi2: Found '  (null)'
[    2.994781] rcar-csi2 e8209000.csi2: call v4l2_async_register_subdev
[    3.006475] csi2- v4l2_async_register_subdev
[    3.015320] csi2- v4l2_async_notifier_find_v4l2_dev failed
[    3.025213] rcar-csi2 e8209000.csi2: 2 lanes found
[    3.044517] rza-vin e803f000.video: __rvin_group_allocate: alloc group=c06f20
[    3.092295] rza-vin e803f000.video: I'm VIN number 0
[    3.105948] rza-vin e803f000.video: Handling VIN0
[    3.116404] rza-vin e803f000.video: VIN0 ep: 0 handled CSI-2 /csi2@e8209000
[    3.128246] rza-vin e803f000.video: Remote port not found /csi2@e8209000/port
[    3.141330] rza-vin e803f000.video: VIN0: ep 1 not connected
[    3.150999] rza-vin e803f000.video: VIN0: ep 2 not connected
[    3.160974] rza-vin e803f000.video: VIN0: ep 3 not connected
[    3.170869] rza-vin e803f000.video: Format 800x600 bpl: 1600 size: 960000
[    3.201052] rza-vin e803f000.video: Device registered as video0
[    3.213717] rza-vin e803f000.video: Claimed 1 subdevices for group
[    3.224593] rza-vin e803f000.video: Bound CSI-2 rza_csi2 e8209000.csi2
[    3.540157] sh_mobile_sdhi e8228000.sd: mmc0 base at 0xe8228000 max clock raz
[    3.562849] usbcore: registered new interface driver usbhid
[    3.574509] usbhid: USB HID core driver



[    2.928837] i2c-riic e803ac00.i2c: registered with 400000Hz bus speed
[    2.953921] rcar-csi2 e8209000.csi2: Not connected to subdevice
[    2.967107] rcar-csi2 e8209000.csi2: call v4l2_async_register_subdev
[    2.978448] csi2- v4l2_async_register_subdev
[    2.987329] rcar-csi2 e8209000.csi2: 0 lanes found
[    3.007699] rza-vin e803f000.video: __rvin_group_allocate: alloc group=c04500
[    3.053997] rza-vin e803f000.video: I'm VIN number 0
[    3.066846] rza-vin e803f000.video: Handling VIN0
[    3.077125] rza-vin e803f000.video: VIN0 ep: 0 handled CSI-2 /csi2@e8209000
[    3.088930] rza-vin e803f000.video: VIN0: ep 1 not connected
[    3.098860] rza-vin e803f000.video: VIN0: ep 2 not connected
[    3.108350] rza-vin e803f000.video: VIN0: ep 3 not connected
[    3.118033] rza-vin e803f000.video: Format 800x600 bpl: 1600 size: 960000
[    3.148596] rza-vin e803f000.video: Device registered as video0
[    3.161400] rza-vin e803f000.video: Claimed 1 subdevices for group
[    3.172705] rza-vin e803f000.video: Bound CSI-2 rza_csi2 e8209000.csi2
[    3.199198] rza-vin e803f000.video: rvin_group_add_link rza_csi2 e8209000.cso
[    3.526896] sh_mobile_sdhi e8228000.sd: mmc0 base at 0xe8228000 max clock raz
[    3.550494] usbcore: registered new interface driver usbhid
==
$ media-ctl -d /dev/media0 -p
Media controller API version 4.14.43

Media device information
------------------------
driver          Renesas VIN
model           video
serial          
bus info        /video@e803f000
hw revision     0x0
driver version  4.14.43

Device topology
- entity 1: rza_vin e803f000.video (1 pad, 1 link)
            type Node subtype V4L flags 0
            device node name /dev/video0
        pad0: Sink
                <- "rza_csi2 e8209000.csi2":1 [ENABLED]

- entity 5: rza_csi2 e8209000.csi2 (5 pads, 1 link)
            type V4L2 subdev subtype Unknown flags 0
            device node name /dev/v4l-subdev0
        pad0: Sink
                [fmt:unknown/0x0]
        pad1: Source
                [fmt:unknown/0x0]
                -> "rza_vin e803f000.video":0 [ENABLED]
        pad2: Source
                [fmt:unknown/0x0]
        pad3: Source
                [fmt:unknown/0x0]
        pad4: Source
                [fmt:unknown/0x0]

$ media-ctl -d /dev/media0 -l "'rza_csi2 e8209000.csi2':1 -> 'rza_vin e803f000.video':0 [1]"
$ media-ctl -V "'rza_csi2 e8209000.csi2':1 [fmt:UYVY8_2X8/1280x800 field:none]"
$ 
$ yavta -f YUYV -s 640x480 -c10 --skip 7 --file='/tmp/vin0.bin' /dev/video0 --size 800x480
Device /dev/video0 opened.
Device `R_Car_VIN' on `platform:e803f000.video' is a video capture device.
Video format set: YUYV (56595559) 640x480 (stride 1280) buffer size 614400
Video format: YUYV (56595559) 640x480 (stride 1280) buffer size 614400
[  311.888663] yavta: page allocation failure: order:8, mode:0x14000c0(GFP_KERN)
[  311.901242] CPU: 0 PID: 563 Comm: yavta Not tainted 4.14.43-g033f5ff-dirty #0
[  311.909259] Hardware name: Generic R7S9210 (Flattened Device Tree)
[  311.917923] [<bf808eb5>] (unwind_backtrace) from [<bf80779b>] (show_stack+0x)
[  311.926497] [<bf80779b>] (show_stack) from [<bf843a1b>] (warn_alloc+0x61/0xf)
[  311.934262] [<bf843a1b>] (warn_alloc) from [<bf84408f>] (__alloc_pages_nodem)
[  311.943262] [<bf84408f>] (__alloc_pages_nodemask) from [<bf809fbf>] (__dma_a)
[  311.953676] [<bf809fbf>] (__dma_alloc_buffer.constprop.5) from [<bf80a10d>] )
[  311.963838] [<bf80a10d>] (remap_allocator_alloc) from [<bf809b57>] (__dma_al)
[  311.972431] [<bf809b57>] (__dma_alloc) from [<bf809c3d>] (arm_dma_alloc+0x2d)
[  311.980625] [<bf809c3d>] (arm_dma_alloc) from [<bf9d4b45>] (vb2_dc_alloc+0x6)
[  311.988694] [<bf9d4b45>] (vb2_dc_alloc) from [<bf9d0e6b>] (__vb2_queue_alloc)
[  311.997180] [<bf9d0e6b>] (__vb2_queue_alloc) from [<bf9d2223>] (vb2_core_req)
[  312.005843] [<bf9d2223>] (vb2_core_reqbufs) from [<bf9d41cf>] (vb2_ioctl_req)
[  312.014681] [<bf9d41cf>] (vb2_ioctl_reqbufs) from [<bf9c93c1>] (__video_do_i)
[  312.023483] [<bf9c93c1>] (__video_do_ioctl) from [<bf9c96fb>] (video_usercop)
[  312.032625] [<bf9c96fb>] (video_usercopy) from [<bf9c4c33>] (v4l2_ioctl+0x57)
[  312.040887] [<bf9c4c33>] (v4l2_ioctl) from [<bf872aed>] (vfs_ioctl+0x11/0x1c)
[  312.048394] [<bf872aed>] (vfs_ioctl) from [<bf872f3b>] (do_vfs_ioctl+0x61/0x)
[  312.055949] [<bf872f3b>] (do_vfs_ioctl) from [<bf873507>] (SyS_ioctl+0x23/0x)
[  312.063522] [<bf873507>] (SyS_ioctl) from [<bf804e81>] (ret_fast_syscall+0x1)
[  312.071308] Mem-Info:
[  312.073856] active_anon:90 inactive_anon:3 isolated_anon:0
[  312.073856]  active_file:8 inactive_file:44 isolated_file:0
[  312.073856]  unevictable:0 dirty:0 writeback:0 unstable:0
[  312.073856]  slab_reclaimable:30 slab_unreclaimable:332
[  312.073856]  mapped:1 shmem:8 pagetables:16 bounce:0
[  312.073856]  free:780 free_pcp:0 free_cma:0
[  312.105509] Node 0 active_anon:360kB inactive_anon:12kB active_file:32kB inao
[  312.127709] Normal free:3120kB min:344kB low:428kB high:512kB active_anon:36B
[  312.154232] lowmem_reserve[]: 0 0 0
[  312.157812] Normal: 2*4kB (U) 19*8kB (U) 11*16kB (U) 11*32kB (U) 4*64kB (U) B
[  312.171503] 60 total pagecache pages
[  312.175285] 0 pages in swap cache
[  312.178664] Swap cache stats: add 0, delete 0, find 0/0
[  312.184056] Free swap  = 0kB
[  312.186967] Total swap = 0kB
[  312.189882] 2048 pages RAM
[  312.192624] 0 pages HighMem/MovableOnly
[  312.196552] 171 pages reserved
[  312.200288] rcar-vin e803f000.video: dma_alloc_coherent of size 614400 failed
2 buffers requested.
length: 614400 offset: 0
Buffer 0 mapped at address 0xb6d65000.
length: 614400 offset: 614400
Buffer 1 mapped at address 0xb6ccf000.
[  150.043190] rza-csi2 e8209000.csi2: Could not find remote pad
Unable to start streaming: No such device (19).
2 buffers released.
[  312.367463] rcar-vin e803f000.video: MSTP status timeout
$ ls /tmp/
messages
$ 
===imx219

[    2.733868] i2c /dev entries driver
[    2.817004] i2c-riic e803a800.i2c: registered with 400000Hz bus speed
[    2.885114] ft5x06-ts 3-0038: ft5x06_init_panel: could not detect ft5x06
[    2.900037] ft5x06-ts 3-0038: could not init touch panel
[    2.911895] ft5x06-ts: probe of 3-0038 failed with error -5
[    2.954140] at24 3-0050: 16384 byte 24c128 EEPROM, writable, 64 bytes/write
[    2.971588] i2c-riic e803ac00.i2c: registered with 400000Hz bus speed
[    2.992673] imx219_probe 
[    3.001641] imx219 2-0010: IMX219: missing platform data!
[    3.012992] imx219_probe 1
[    3.043369] imx219_probe 2
[    3.053122] imx219_probe 3
[    3.060011] imx219_video_probe check chip ID 
[    3.071085] imx219 2-0010: Model ID 0x0219, Lot ID 0x686b22, Chip ID 0x0411
[    3.082452] imx219_probe 4
[    3.088837] csi2- v4l2_async_register_subdev
[    3.109196] rza-csi2 e8209000.csi2: rcar_csi2_probe_resources 
[    3.124338] rza-csi2 e8209000.csi2: rcar_csi2_parse_dt
[    3.136063] rza-csi2 e8209000.csi2: Found '/i2c@e803a800/imx219@10/port/endp'
[    3.148352] rza-csi2 e8209000.csi2: rcar_csi2_parse_dt_done priv->lanes 2
[    3.159090] csi2- v4l2_async_register_subdev
[    3.166967] csi2- v4l2_async_notifier_find_v4l2_dev failed
[    3.175892] rza-csi2 e8209000.csi2: RVC debug 2 lanes found
[    3.247323] rcar-vin e803f000.video: Device registered as video0




[    2.759435] i2c /dev entries driver
[    2.844954] i2c-riic e803a800.i2c: registered with 400000Hz bus speed
[    2.913618] ft5x06-ts 3-0038: ft5x06_init_panel: could not detect ft5x06
[    2.929053] ft5x06-ts 3-0038: could not init touch panel
[    2.940698] ft5x06-ts: probe of 3-0038 failed with error -5
[    2.983047] at24 3-0050: 16384 byte 24c128 EEPROM, writable, 64 bytes/write
[    3.000318] i2c-riic e803ac00.i2c: registered with 400000Hz bus speed
[    3.021892] imx219_probe 
[    3.031365] imx219 2-0010: IMX219: missing platform data!
[    3.042808] imx219_probe 1
[    3.073743] imx219_probe 2
[    3.083515] imx219_probe 3
[    3.090747] imx219_video_probe check chip ID 
[    3.101544] imx219 2-0010: Model ID 0x0219, Lot ID 0x686b22, Chip ID 0x0411
[    3.112751] imx219_probe 4
[    3.119257] csi2- v4l2_async_register_subdev
[    3.140664] rza-csi2 e8209000.csi2: rcar_csi2_probe_resources 
[    3.154329] rza-csi2 e8209000.csi2: rcar_csi2_parse_dt
[    3.164460] rza-csi2 e8209000.csi2: RVC debug: Not connected to subdevice
[    3.175897] rza-csi2 e8209000.csi2: rcar_csi2_parse_dt_done priv->lanes 0
[    3.186545] csi2- v4l2_async_register_subdev
[    3.194513] rza-csi2 e8209000.csi2: RVC debug 2 lanes found
[    3.262331] rcar-vin e803f000.video: Device registered as video0
[    3.594835] sh_mobile_sdhi e8228000.sd: mmc0 base at 0xe8228000 max clock raz
[    3.617741] usbcore: registered new interface driver usbhid

===
$ 
$ v4l2-compliance 
v4l2-compliance SHA   : 20a79d935262a542228b4d6cd6fb60c1c8339284

Driver Info:
        Driver name   : rza_vin
        Card type     : R_Car_VIN
        Bus info      : platform:e803f000.video
        Driver version: 4.14.43
        Capabilities  : 0x85200001
                Video Capture
                Read/Write
                Streaming
                Extended Pix Format
                Device Capabilities
        Device Caps   : 0x05200001
                Video Capture
                Read/Write
                Streaming
                Extended Pix Format

Compliance test for device /dev/video0 (not using libv4l2):

Required ioctls:
        test VIDIOC_QUERYCAP: OK

Allow for multiple opens:
[  703.877010] rcar-vin e803f000.video: =================  START STATUS  =================
        test second vid[  703.888518] rcar-vin e803f000.video: ==================  END STATUS  ==================
eo open: OK
        test VIDIOC_QUERYCAP: OK
        test VIDIOC_G/S_PRIORITY: OK
        test for unlimited opens: OK

Debug ioctls:
        test VIDIOC_DBG_G/S_REGISTER: OK
        test VIDIOC_LOG_STATUS: OK

Input ioctls:
        test VIDIOC_G/S_TUNER/ENUM_FREQ_BANDS: OK (Not Supported)
        test VIDIOC_G/S_FREQUENCY: OK (Not Supported)
        test VIDIOC_S_HW_FREQ_SEEK: OK (Not Supported)
        test VIDIOC_ENUMAUDIO: OK (Not Supported)
        test VIDIOC_G/S/ENUMINPUT: OK
        test VIDIOC_G/S_AUDIO: OK (Not Supported)
        Inputs: 1 Audio Inputs: 0 Tuners: 0

Output ioctls:
        test VIDIOC_G/S_MODULATOR: OK (Not Supported)
        test VIDIOC_G/S_FREQUENCY: OK (Not Supported)
        test VIDIOC_ENUMAUDOUT: OK (Not Supported)
        test VIDIOC_G/S/ENUMOUTPUT: OK (Not Supported)
        test VIDIOC_G/S_AUDOUT: OK (Not Supported)
        Outputs: 0 Audio Outputs: 0 Modulators: 0

Input/Output configuration ioctls:
        test VIDIOC_ENUM/G/S/QUERY_STD: OK (Not Supported)
        test VIDIOC_ENUM/G/S/QUERY_DV_TIMINGS: OK (Not Supported)
        test VIDIOC_DV_TIMINGS_CAP: OK (Not Supported)
        test VIDIOC_G/S_EDID: OK (Not Supported)

Test input 0:

        Control ioctls:
                test VIDIOC_QUERY_EXT_CTRL/QUERYMENU: OK (Not Supported)
                test VI[  704.008941] v4l2-compliance: page allocation failure: order:9, mode:0x14000c0(GFP_KERNEL), nodemask=(null)
DIOC_QUERYCTRL: [  704.022936] CPU: 0 PID: 548 Comm: v4l2-compliance Not tainted 4.14.43-g033f5ff-dirty #26
OK (Not Supporte[  704.032551] Hardware name: Generic R7S9210 (Flattened Device Tree)
d)
                test VIDIOC_G/S_CTRL: OK ([  704.042267] [<bf808eb5>] (unwind_backtrace) from [<bf80779b>] (show_stack+0xb/0xc)
Not Supported)
[  704.052151] [<bf80779b>] (show_stack) from [<bf843a1b>] (warn_alloc+0x61/0xfa)
                test VIDIOC_G/[  704.060717] [<bf843a1b>] (warn_alloc) from [<bf84408f>] (__alloc_pages_nodemask+0x587/0x68c)
S/TRY_EXT_CTRLS:[  704.070922] [<bf84408f>] (__alloc_pages_nodemask) from [<bf809fbf>] (__dma_alloc_buffer.constprop.5+0x21/0xe6)
 OK (Not Support[  704.082184] [<bf809fbf>] (__dma_alloc_buffer.constprop.5) from [<bf80a10d>] (remap_allocator_alloc+0x1d/0x50)
ed)
                test VIDI[  704.093629] [<bf80a10d>] (remap_allocator_alloc) from [<bf809b57>] (__dma_alloc+0x121/0x1b2)
OC_(UN)SUBSCRIBE[  704.103771] [<bf809b57>] (__dma_alloc) from [<bf809c3d>] (arm_dma_alloc+0x2d/0x34)
_EVENT/DQEVENT: [  704.113238] [<bf809c3d>] (arm_dma_alloc) from [<bf9d4b45>] (vb2_dc_alloc+0x69/0xdc)
OK (Not Supporte[  704.122175] [<bf9d4b45>] (vb2_dc_alloc) from [<bf9d0e6b>] (__vb2_queue_alloc+0x17f/0x2cc)
d)
                test VIDIO[  704.131766] [<bf9d0e6b>] (__vb2_queue_alloc) from [<bf9d2223>] (vb2_core_reqbufs+0xc3/0x234)
C_G/S_JPEGCOMP: [  704.141691] [<bf9d2223>] (vb2_core_reqbufs) from [<bf9d41cf>] (vb2_ioctl_reqbufs+0x33/0x50)
OK (Not Supporte[  704.151804] [<bf9d41cf>] (vb2_ioctl_reqbufs) from [<bf9c93c1>] (__video_do_ioctl+0x145/0x1ac)
d)
                Standard C[  704.161709] [<bf9c93c1>] (__video_do_ioctl) from [<bf9c96fb>] (video_usercopy+0x2d3/0x33c)
ontrols: 0 Private Control[  704.172267] [<bf9c96fb>] (video_usercopy) from [<bf9c4c33>] (v4l2_ioctl+0x57/0x68)
s: 0

        Format [  704.182034] [<bf9c4c33>] (v4l2_ioctl) from [<bf872aed>] (vfs_ioctl+0x11/0x1c)
ioctls:
                test [  704.190309] [<bf872aed>] (vfs_ioctl) from [<bf872f3b>] (do_vfs_ioctl+0x61/0x60a)
VIDIOC_ENUM_FMT/[  704.199026] [<bf872f3b>] (do_vfs_ioctl) from [<bf873507>] (SyS_ioctl+0x23/0x3c)
FRAMESIZES/FRAME[  704.208076] [<bf873507>] (SyS_ioctl) from [<bf804e81>] (ret_fast_syscall+0x1/0x62)
INTERVALS: OK
        [  704.217118] Mem-Info:
        test VIDIOC_G/S[  704.220878] active_anon:120 inactive_anon:3 isolated_anon:0
[  704.220878]  active_file:0 inactive_file:0 isolated_file:0
[  704.220878]  unevictable:0 dirty:0 writeback:0 unstable:0
[  704.220878]  slab_reclaimable:30 slab_unreclaimable:327
[  704.220878]  mapped:0 shmem:10 pagetables:18 bounce:0
[  704.220878]  free:1105 free_pcp:0 free_cma:0
_PARM: OK (Not S[  704.253560] Node 0 active_anon:480kB inactive_anon:12kB active_file:0kB inactive_file:0kB unevictable:0kB isolated(anon)o
upported)
                tes[  704.276647] Normal free:4420kB min:344kB low:428kB high:512kB active_anon:480kB inactive_anon:12kB active_file:0kB inB
t VIDIOC_G_FBUF:[  704.304047] lowmem_reserve[]: 0 0 0
 OK (Not Support[  704.308951] Normal: 21*4kB (U) 6*8kB (U) 14*16kB (U) 7*32kB (U) 4*64kB (U) 2*128kB (U) 3*256kB (U) 1*512kB (U) 2*1024kB B
ed)
                test VIDI[  704.323979] 10 total pagecache pages
OC_G_FMT: OK
                [  704.329036] 0 pages in swap cache
G_FMT:     1280x[  704.333814] Swap cache stats: add 0, delete 0, find 0/0
800, 56595559, 1[  704.340623] Free swap  = 0kB
, 2560, 614400, [  704.344784] Total swap = 0kB
8, 0, 0, feedcaf[  704.349062] 2048 pages RAM
e
                TRY/S_FMT: [  704.353269] 0 pages HighMem/MovableOnly
1280x800, 565955[  704.358544] 171 pages reserved
59, 1, 2560, 2048000, 8, [  704.363751] rcar-vin e803f000.video: dma_alloc_coherent of size 2048000 failed
0, 0, feedcafe
                fail: v4l2-test-formats.cpp(672): Video Capture: TRY_FMT(G_FMT) != G_FMT
                test VIDIOC_TRY_FMT: FAIL
                G_FMT:     1280x800, 56595559, 1, 2560, 614400, 8, 0, 0, feedcafe
                TRY/S_FMT: 1280x800, 56595559, 1, 2560, 2048000, 8, 0, 0, feedcafe
                fail: v4l2-test-formats.cpp(1005): Video Capture: S_FMT(G_FMT) != G_FMT
                test VIDIOC_S_FMT: FAIL
                test VIDIOC_G_SLICED_VBI_CAP: OK (Not Supported)
                fail: v4l2-test-formats.cpp(1273): doioctl(node, VIDIOC_G_SELECTION, &sel) != EINVAL
                test Cropping: FAIL
                fail: v4l2-test-formats.cpp(1273): doioctl(node, VIDIOC_G_SELECTION, &sel) != EINVAL
                test Composing: FAIL
                test Scaling: OK

        Codec ioctls:
                test VIDIOC_(TRY_)ENCODER_CMD: OK (Not Supported)
                test VIDIOC_G_ENC_INDEX: OK (Not Supported)
                test VIDIOC_(TRY_)DECODER_CMD: OK (Not Supported)

        Buffer ioctls:
                fail: v4l2-test-buffers.cpp(465): q.reqbufs(node, 1)
                test VIDIOC_REQBUFS/CREATE_BUFS/QUERYBUF: FAIL
                fail: v4l2-test-buffers.cpp(571): q.has_expbuf(node)
                test VIDIOC_EXPBUF: FAIL

Test input 0:


[  704.481541] rcar-vin e803f000.video: MSTP status timeout
Tota

==========
$ ./ov76_test -c -n
mipi_open start 
mipi_open /dev/i2c-2 ok 
mipi_open /dev/i2c-3 ok 
mipi_open /dev/i2c-0 ok 
mipi_open /dev/i2c-1 ok 
mipi_open ok via i2c 
 mipi_set_format
camera init start 
checking VIDIOC_S_INPUT
checking VIDIOC_S_FMT
checking VIDIOC_G_FMT
checking VIDIOC_S_FMT
checking VIDIOC_REQBUFS
checking VIDIOC_QUERYBUF
checking VIDIOC_QBUF
***********************************************
Continuous Stream[  231.160695] rcar_csi2_s_stream
 Mode.
Press ENTER at an[  231.167758] rza-csi2 e8209000.csi2: RVC debug Could not find remote pad
[  231.176808] rcar_csi2_s_stream go to mutex_unclock

***********************************************
checking VIDIOC_STREAMON
VIDIOC_STREAMON: No such device
Done with errors
[  231.245106] rcar-vin e803f000.video: MSTP status timeout
$  mem r b  fcfe042c 1
yavta /dev/video0 -c1 -n1 -f NV12 -s 640x480 -F"/tmp/NV12#.bin"

sf probe 0 ; sf erase 800000 800000 ; sf write 0x0C000000 800000 800000 : axfs Khanh 
sf probe 0 ; sf erase 800000 700000 ; sf write 0x0C000000 800000 700000 : axfs Chien
sf probe 0 ; sf erase 00800000 C00000; sf write 0x0C000000 800000 800000 : website

==============log read i2c-3 eeprom===============
[    2.936054] at24_probe
[    2.946274] at24_eeprom_read_i2c
[    2.954449] read AT24_FLAG_ADDR16
[    2.962057] at24_eeprom_read_i2c, i2c_transfer msg[0].buf 0
[    2.971746] at24_eeprom_read_i2c, i2c_transfer
[    2.995710] at24_eeprom_read_i2c, i2c_transfer read 1@0 --> 1 (-29703)
[    3.008757] at24_eeprom_read_i2c, i2c_transfer read 50 , 18
[    3.018676] at24_probe at24_read ok testbyte 18
[    3.026931] at24_eeprom_write_i2c
[    3.033864] write AT24_FLAG_ADDR16
[    3.041320] at24_probe at24_write ok testbyte 34
[    3.049424] at24_eeprom_read_i2c
[    3.055681] read AT24_FLAG_ADDR16
[    3.062008] at24_eeprom_read_i2c, i2c_transfer msg[0].buf 0
[    3.070600] at24_eeprom_read_i2c, i2c_transfer
[    3.078906] at24_eeprom_read_i2c, i2c_transfer read 1@0 --> 1 (-29694)
[    3.088518] at24_eeprom_read_i2c, i2c_transfer read 50 , 18
[    3.096767] at24_probe at24_read ok AGAIN testbyte 18
[  


[   49.979164] Start call at24_read
[   49.982595] at24_eeprom_read_i2c
[   49.985913] at24_eeprom_read_i2c, i2c_transfer msg[0].buf 0
[   49.991732] at24_eeprom_read_i2c, i2c_transfer
[   50.017536] at24_eeprom_read_i2c, i2c_transfer read 1@0 --> 1 (-25001)
[   50.025853] at24_eeprom_read_i2c, i2c_transfer read 10 , 0
[   50.032288] at24_probe at24_read ok testbyte 0
[   50.036972] at24_eeprom_write_i2c
======

