
U-Boot 2017.05-g9bd5dbe-dirty (Aug 01 2018 - 11:05:41 +0700)

CPU: Renesas Electronics CPU rev 0.0
Board: RZA2MEVB
I2C:   ready
DRAM:  4 MiB
SF: Detected mx25l51235f with page size 256 Bytes, erase size 64 KiB, total 64 MiB
*** Warning - bad CRC, using default environment

In:    serial_sh
Out:   serial_sh
Err:   serial_sh
                      SPI Flash Memory Map
                ------------------------------------
                         Start      Size
                u-boot:  0x00000000 0x080000
                   env:  0x00080000 0x010000
                    DT:  0x000C0000 0x010000
                Kernel:  0x00200000 0x050000
                rootfs:  0x00800000 0xFFC00000

                 ON     SW6
                 +---------------------+
                 |       = = = =       |
                 | = = =               |
                 | 1 2 3 4 5 6 7 8 9 0 |  Please make sure your sub-board matches
                 +---------------------+  these switch settings.
        SW6-1 set to Other
        SW6-2 set to Audio
        SW6-3 set to USB, CAN, UART(console)
        SW6-4 set to Ether1
        SW6-5 set to Ether2
        SW6-6 set to VDC6
        SW6-7 set to VDC6

Net:   sh_eth
=> run_xha_boot
Unknown command 'run_xha_boot' - try 'help'
=> run xha_boot
Current Mode: SF: Detected mx25l51235f with page size 256 Bytes, erase size 64 KiB, total 64 MiB
New Mode: Quad I/O Read Mode (4-byte Addr)
Booting Linux...
[    0.000000] Booting Linux on physical CPU 0x0
[    0.000000] Linux version 4.14.43-g033f5ff-dirty (root@3F-L8705-LB00) (gcc version 6.4.1 20170707 (Linaro GCC 8
[    0.000000] CPU: ARMv7 Processor [414fc091] revision 1 (ARMv7), cr=50c53c7d
[    0.000000] CPU: PIPT / VIPT nonaliasing data cache, VIPT aliasing instruction cache
[    0.000000] OF: fdt: Machine model: RZA2MEVB
[    0.000000] debug: ignoring loglevel setting.
[    0.000000] bootconsole [earlycon0] enabled
[    0.000000] Memory policy: Data cache writeback
[    0.000000] On node 0 totalpages: 2048
[    0.000000] free_area_init_node: node 0, pgdat c0032eac, node_mem_map c07e8000
[    0.000000]   Normal zone: 16 pages used for memmap
[    0.000000]   Normal zone: 0 pages reserved
[    0.000000]   Normal zone: 2048 pages, LIFO batch:0
[    0.000000] CPU: All CPU(s) started in SVC mode.
[    0.000000] pcpu-alloc: s0 r0 d32768 u32768 alloc=1*32768
[    0.000000] pcpu-alloc: [0] 0 
[    0.000000] Built 1 zonelists, mobility grouping off.  Total pages: 2032
[    0.000000] Kernel command line: ignore_loglevel earlyprintk rootfstype=axfs root=/dev/null rootflags=physaddr 
[    0.000000] PID hash table entries: 32 (order: -5, 128 bytes)
[    0.000000] Dentry cache hash table entries: 1024 (order: 0, 4096 bytes)
[    0.000000] Inode-cache hash table entries: 1024 (order: 0, 4096 bytes)
[    0.000000] Memory: 7452K/8192K available (3021K kernel code, 192K rwdata, 1008K rodata, 145K init, 288K bss, )
[    0.000000] Virtual kernel memory layout:
[    0.000000]     vector  : 0xffff0000 - 0xffff1000   (   4 kB)
[    0.000000]     fixmap  : 0xffc00000 - 0xfff00000   (3072 kB)
[    0.000000]     vmalloc : 0xc1000000 - 0xff800000   (1000 MB)
[    0.000000]     lowmem  : 0xc0000000 - 0xc0800000   (   8 MB)
[    0.000000]     pkmap   : 0xbfe00000 - 0xc0000000   (   2 MB)
[    0.000000]       .text : 0xbf800000 - 0xbfbef898   (4031 kB)
[    0.000000]       .init : 0xc0039000 - 0xc0046000   (  52 kB)
[    0.000000]       .data : 0xc0008000 - 0xc0038140   ( 193 kB)
[    0.000000]        .bss : 0xc0046000 - 0xc008e070   ( 289 kB)
[    0.000000] NR_IRQS: 16, nr_irqs: 16, preallocated irqs: 16
[    0.000000] L2C-310 cache controller enabled, 8 ways, 128 kB
[    0.000000] L2C-310: CACHE_ID 0x410000c9, AUX_CTRL 0x02020000
[    0.000000] clocksource: ostm: mask: 0xffffffff max_cycles: 0xffffffff, max_idle_ns: 28958491609 ns
[    0.000096] sched_clock: 32 bits at 66MHz, resolution 15ns, wraps every 32537631224ns
[    0.008456] ostm: used for clocksource
[    0.014878] ostm: used for clock events
[    0.022612] Console: colour dummy device 80x30
[    0.030022] console [tty0] enabled
[    0.033938] bootconsole [earlycon0] disabled
[    0.000000] Booting Linux on physical CPU 0x0
[    0.000000] Linux version 4.14.43-g033f5ff-dirty (root@3F-L8705-LB00) (gcc version 6.4.1 20170707 (Linaro GCC 8
[    0.000000] CPU: ARMv7 Processor [414fc091] revision 1 (ARMv7), cr=50c53c7d
[    0.000000] CPU: PIPT / VIPT nonaliasing data cache, VIPT aliasing instruction cache
[    0.000000] OF: fdt: Machine model: RZA2MEVB
[    0.000000] debug: ignoring loglevel setting.
[    0.000000] bootconsole [earlycon0] enabled
[    0.000000] Memory policy: Data cache writeback
[    0.000000] On node 0 totalpages: 2048
[    0.000000] free_area_init_node: node 0, pgdat c0032eac, node_mem_map c07e8000
[    0.000000]   Normal zone: 16 pages used for memmap
[    0.000000]   Normal zone: 0 pages reserved
[    0.000000]   Normal zone: 2048 pages, LIFO batch:0
[    0.000000] CPU: All CPU(s) started in SVC mode.
[    0.000000] pcpu-alloc: s0 r0 d32768 u32768 alloc=1*32768
[    0.000000] pcpu-alloc: [0] 0 
[    0.000000] Built 1 zonelists, mobility grouping off.  Total pages: 2032
[    0.000000] Kernel command line: ignore_loglevel earlyprintk rootfstype=axfs root=/dev/null rootflags=physaddr 
[    0.000000] PID hash table entries: 32 (order: -5, 128 bytes)
[    0.000000] Dentry cache hash table entries: 1024 (order: 0, 4096 bytes)
[    0.000000] Inode-cache hash table entries: 1024 (order: 0, 4096 bytes)
[    0.000000] Memory: 7452K/8192K available (3021K kernel code, 192K rwdata, 1008K rodata, 145K init, 288K bss, )
[    0.000000] Virtual kernel memory layout:
[    0.000000]     vector  : 0xffff0000 - 0xffff1000   (   4 kB)
[    0.000000]     fixmap  : 0xffc00000 - 0xfff00000   (3072 kB)
[    0.000000]     vmalloc : 0xc1000000 - 0xff800000   (1000 MB)
[    0.000000]     lowmem  : 0xc0000000 - 0xc0800000   (   8 MB)
[    0.000000]     pkmap   : 0xbfe00000 - 0xc0000000   (   2 MB)
[    0.000000]       .text : 0xbf800000 - 0xbfbef898   (4031 kB)
[    0.000000]       .init : 0xc0039000 - 0xc0046000   (  52 kB)
[    0.000000]       .data : 0xc0008000 - 0xc0038140   ( 193 kB)
[    0.000000]        .bss : 0xc0046000 - 0xc008e070   ( 289 kB)
[    0.000000] NR_IRQS: 16, nr_irqs: 16, preallocated irqs: 16
[    0.000000] L2C-310 cache controller enabled, 8 ways, 128 kB
[    0.000000] L2C-310: CACHE_ID 0x410000c9, AUX_CTRL 0x02020000
[    0.000000] clocksource: ostm: mask: 0xffffffff max_cycles: 0xffffffff, max_idle_ns: 28958491609 ns
[    0.000096] sched_clock: 32 bits at 66MHz, resolution 15ns, wraps every 32537631224ns
[    0.008456] ostm: used for clocksource
[    0.014878] ostm: used for clock events
[    0.022612] Console: colour dummy device 80x30
[    0.030022] console [tty0] enabled
[    0.033938] bootconsole [earlycon0] disabled
[    0.039423] Calibrating delay loop (skipped) preset value.. 1056.00 BogoMIPS (lpj=5280000)
[    0.039679] pid_max: default: 32768 minimum: 301
[    0.041985] Mount-cache hash table entries: 1024 (order: 0, 4096 bytes)
[    0.042226] Mountpoint-cache hash table entries: 1024 (order: 0, 4096 bytes)
[    0.053334] CPU: Testing write buffer coherency: ok
[    0.070476] Setting up static identity map for 0x3f800200 - 0x3f800254
[    0.089780] devtmpfs: initialized
[    0.108363] random: get_random_u32 called from bucket_table_alloc+0xc3/0xec with crng_init=0
[    0.110878] VFP support v0.3: implementor 41 architecture 3 part 30 variant 9 rev 4
[    0.119102] clocksource: jiffies: mask: 0xffffffff max_cycles: 0xffffffff, max_idle_ns: 19112604462750000 ns
[    0.120179] futex hash table entries: 256 (order: -1, 3072 bytes)
[    0.122579] pinctrl core: initialized pinctrl subsystem
[    0.140830] NET: Registered protocol family 16
[    0.152065] DMA: preallocated 256 KiB pool for atomic coherent allocations
[    0.163168] No ATAGs?
[    0.484606] SCSI subsystem initialized
[    0.489435] usbcore: registered new interface driver usbfs
[    0.490122] usbcore: registered new interface driver hub
[    0.491807] usbcore: registered new device driver usb
[    0.492927] media: Linux media interface: v0.10
[    0.493651] Linux video capture interface: v2.00
[    0.572834] clocksource: Switched to clocksource ostm
[    1.086091] NET: Registered protocol family 2
[    1.099327] TCP established hash table entries: 1024 (order: 0, 4096 bytes)
[    1.099898] TCP bind hash table entries: 1024 (order: 0, 4096 bytes)
[    1.100078] TCP: Hash tables configured (established 1024 bind 1024)
[    1.104726] UDP hash table entries: 256 (order: 0, 4096 bytes)
[    1.105084] UDP-Lite hash table entries: 256 (order: 0, 4096 bytes)
[    1.107950] NET: Registered protocol family 1
[    1.129527] RPC: Registered named UNIX socket transport module.
[    1.130291] RPC: Registered udp transport module.
[    1.130351] RPC: Registered tcp transport module.
[    1.130401] RPC: Registered tcp NFSv4.1 backchannel transport module.
[    1.180624] workingset: timestamp_bits=30 max_order=11 bucket_order=0
[    1.199053] NFS: Registering the id_resolver key type
[    1.200585] Key type id_resolver registered
[    1.200683] Key type id_legacy registered
[    1.200990] nfs4filelayout_init: NFSv4 File Layout Driver Registering...
[    1.201170] nfs4flexfilelayout_init: NFSv4 Flexfile Layout Driver Registering...
[    1.201807] jffs2: version 2.2. (NAND) �© 2001-2006 Red Hat, Inc.
[    1.227135] Key type asymmetric registered
[    1.227909] Asymmetric key parser 'x509' registered
[    1.231561] Block layer SCSI generic (bsg) driver version 0.4 loaded (major 250)
[    1.231894] io scheduler noop registered
[    1.231949] io scheduler deadline registered
[    1.234547] io scheduler cfq registered (default)
[    1.234740] io scheduler mq-deadline registered
[    1.281692] vdc5fb fcff7400.display: fcff7400.display: [gwp0700cnwv04] dotclock 33.000 MHz, dcdr 2
[    1.316298] vdc5fb: Layer 2 Enabled (800x480 @ 0x80000000)
[    1.416933] vdc5fb fcff7400.display: update_regs timeout reg=00000080, bits=00000001, now=00000001
[    1.517558] vdc5fb fcff7400.display: update_regs timeout reg=00000100, bits=00003111, now=00001001
[    1.617790] vdc5fb fcff7400.display: update_regs timeout reg=00000180, bits=00110011, now=00010011
[    1.761682] Console: switching to colour frame buffer device 100x30
[    1.818698] graphics fb0: registered fcff7400.display as 800x480 @ 59 Hz, 16 bpp.
[    1.857256] Serial: 8250/16550 driver, 4 ports, IRQ sharing disabled
[    1.928000] SuperH (H)SCI(F) driver initialized
[    1.946478] e8009000.serial: ttySC0 at MMIO 0xe8009000 (irq = 19, base_baud = 0) is a scif
[    2.564533] console [ttySC0] enabled
[    2.604492] 1 ofpart partitions found on MTD device 20000000.qspi
[    2.618345] Creating 1 MTD partitions on "20000000.qspi":
[    2.628501] random: fast init done
[    2.636686] 0x000000800000-0x000001800000 : "user"
[    2.721997] libphy: Fixed MDIO Bus: probed
[    2.741947] usbcore: registered new interface driver usb-storage
[    2.758730] i2c /dev entries driver
[    2.840993] i2c-riic e803a800.i2c: registered with 400000Hz bus speed
[    2.921621] ft5x06_set_mode: changed mode to 0x00
[    2.940080] input: FT5X06 Multiple Touch Controller as /devices/platform/e803ac00.i2c/i2c-3/3-0038/input/input0
[    3.017858] at24 3-0050: 16384 byte 24c128 EEPROM, writable, 64 bytes/write
[    3.036164] i2c-riic e803ac00.i2c: registered with 400000Hz bus speed
[    3.058659] imx219_probe Aug 12
[    3.070272] imx219_probe 1
[    3.078406] imx219_ctrls_init
[    3.087994] imx219_s_ctrl
[    3.095357] V4L2_CID_HFLIP
[    3.121411] imx219_s_ctrl enabled imx219_s_stream
[    3.133412] imx219_s_stream
[    3.140219] Before reg_write_table 
[    3.147596] reg_write data 1
[    3.157314] reg_write data 5
[    3.166322] reg_write data c
[    3.175686] reg_write data ff
[    3.184500] reg_write data ff
[    3.192701] reg_write data 5
[    3.200514] reg_write data 9
[    3.208306] reg_write data 1
[    3.215945] reg_write data 0
[    3.223499] reg_write data 18
[    3.230906] reg_write data 0
[    3.238168] reg_write data a
[    3.245353] reg_write data 83
[    3.252539] reg_write data d
[    3.259499] reg_write data 78
[    3.266503] reg_write data 1
[    3.273337] reg_write data 1
[    3.280035] reg_write data 0
[    3.286691] reg_write data 0
[    3.293130] reg_write data 8
[    3.299366] reg_write data 8
[    3.305555] reg_write data 5
[    3.311587] reg_write data 1
[    3.317623] reg_write data 2
[    3.323697] reg_write data 2
[    3.329612] reg_write data 0
[    3.335555] reg_write data 76
[    3.341459] reg_write data 8
[    3.347332] reg_write data 0
[    3.353220] reg_write data 4e
[    3.359091] reg_write data 0
[    3.364897] reg_write data 4b
[    3.370674] reg_write data f
[    3.376407] reg_write data 14
[    3.382454] reg_write data 0
[    3.388328] reg_write data 14
[    3.394287] reg_write data 30
[    3.400227] reg_write data 10
[    3.406206] reg_write data 10
[    3.412059] reg_write data 10
[    3.417960] reg_write data e
[    3.423731] reg_write data e
[    3.429487] After reg_write_table and before handle crop 
[    3.435828] reg_write data 0
[    3.441687] reg_write data 0
[    3.447587] reg_write data 2
[    3.453488] reg_write data 7f
[    3.459474] reg_write data 0
[    3.465431] reg_write data 0
[    3.471367] reg_write data 1
[    3.477282] reg_write data df
[    3.483340] reg_write data 2
[    3.489213] reg_write data 80
[    3.495221] reg_write data 1
[    3.501090] reg_write data e0
[    3.507073] After handle crop 
[    3.511041] reg_write data 0
[    3.517114] reg_write data 0
[    3.523133] reg_write data 0
[    3.529166] reg_write data 0
[    3.535268] reg_write data 0
[    3.541278] reg_write data 0
[    3.547374] before reg_write_table again 
[    3.552468] reg_write data 1
[    3.558638] imx219_s_ctrl
[    3.562363] V4L2_CID_VFLIP
[    3.566319] imx219_s_ctrl enabled imx219_s_stream
[    3.572287] imx219_s_stream
[    3.576233] Before reg_write_table 
[    3.580879] reg_write data 1
[    3.587201] reg_write data 5
[    3.593697] reg_write data c
[    3.600050] reg_write data ff
[    3.606405] reg_write data ff
[    3.612743] reg_write data 5
[    3.618842] reg_write data 9
[    3.625046] reg_write data 1
[    3.631191] reg_write data 0
[    3.637417] reg_write data 18
[    3.643678] reg_write data 0
[    3.649817] reg_write data a
[    3.655934] reg_write data 83
[    3.662154] reg_write data d
[    3.668261] reg_write data 78
[    3.674540] reg_write data 1
[    3.680601] reg_write data 1
[    3.686716] reg_write data 0
[    3.692813] reg_write data 0
[    3.698852] reg_write data 8
[    3.710500] reg_write data 8
[    3.724225] reg_write data 5
[    3.731954] reg_write data 1
[    3.739034] reg_write data 2
[    3.745654] reg_write data 2
[    3.751880] reg_write data 0
[    3.758032] reg_write data 76
[    3.764242] reg_write data 8
[    3.770123] reg_write data 0
[    3.776130] reg_write data 4e
[    3.781991] reg_write data 0
[    3.787883] reg_write data 4b
[    3.793811] reg_write data f
[    3.799596] reg_write data 14
[    3.806187] reg_write data 0
[    3.812301] reg_write data 14
[    3.818218] reg_write data 30
[    3.824163] reg_write data 10
[    3.830004] reg_write data 10
[    3.835934] reg_write data 10
[    3.841728] reg_write data e
[    3.847575] reg_write data e
[    3.853496] After reg_write_table and before handle crop 
[    3.859787] reg_write data 0
[    3.865818] reg_write data 0
[    3.871741] reg_write data 2
[    3.877698] reg_write data 7f
[    3.883712] reg_write data 0
[    3.889571] reg_write data 0
[    3.895523] reg_write data 1
[    3.901397] reg_write data df
[    3.907423] reg_write data 2
[    3.913301] reg_write data 80
[    3.919289] reg_write data 1
[    3.925238] reg_write data e0
[    3.931188] After handle crop 
[    3.935188] reg_write data 0
[    3.941118] reg_write data 0
[    3.947148] reg_write data 0
[    3.953163] reg_write data 0
[    3.959140] reg_write data 0
[    3.965115] reg_write data 0
[    3.971051] before reg_write_table again 
[    3.976094] reg_write data 1
[    3.982316] imx219_s_ctrl
[    3.985968] V4L2_CID_ANALOGUE_GAIN
[    3.990778] imx219_s_ctrl enabled imx219_s_stream
[    3.996756] imx219_s_stream
[    4.000696] Before reg_write_table 
[    4.005522] reg_write data 1
[    4.011887] reg_write data 5
[    4.018702] reg_write data c
[    4.025155] reg_write data ff
[    4.031469] reg_write data ff
[    4.037976] reg_write data 5
[    4.044252] reg_write data 9
[    4.050417] reg_write data 1
[    4.056583] reg_write data 0
[    4.062820] reg_write data 18
[    4.069052] reg_write data 0
[    4.075261] reg_write data a
[    4.081424] reg_write data 83
[    4.087689] reg_write data d
[    4.093878] reg_write data 78
[    4.100051] reg_write data 1
[    4.106966] reg_write data 1
[    4.114019] reg_write data 0
[    4.120540] reg_write data 0
[    4.127061] reg_write data 8
[    4.133490] reg_write data 8
[    4.139709] reg_write data 5
[    4.146006] reg_write data 1
[    4.152233] reg_write data 2
[    4.158254] reg_write data 2
[    4.164224] reg_write data 0
[    4.170209] reg_write data 76
[    4.176264] reg_write data 8
[    4.182142] reg_write data 0
[    4.187974] reg_write data 4e
[    4.193843] reg_write data 0
[    4.199589] reg_write data 4b
[    4.205450] reg_write data f
[    4.211181] reg_write data 14
[    4.217061] reg_write data 0
[    4.223041] reg_write data 14
[    4.229063] reg_write data 30
[    4.235122] reg_write data 10
[    4.241045] reg_write data 10
[    4.247082] reg_write data 10
[    4.253025] reg_write data e
[    4.258801] reg_write data e
[    4.264568] After reg_write_table and before handle crop 
[    4.270850] reg_write data 0
[    4.276806] reg_write data 0
[    4.282774] reg_write data 2
[    4.288657] reg_write data 7f
[    4.294702] reg_write data 0
[    4.300608] reg_write data 0
[    4.306545] reg_write data 1
[    4.312484] reg_write data df
[    4.318432] reg_write data 2
[    4.324426] reg_write data 80
[    4.330400] reg_write data 1
[    4.336389] reg_write data e0
[    4.342453] After handle crop 
[    4.346401] reg_write data 0
[    4.352375] reg_write data 0
[    4.358328] reg_write data 0
[    4.364326] reg_write data 0
[    4.370269] reg_write data 0
[    4.376242] reg_write data 0
[    4.382266] before reg_write_table again 
[    4.387264] reg_write data 1
[    4.393409] imx219_s_ctrl
[    4.397045] V4L2_CID_GAIN
[    4.400882] imx219_s_ctrl enabled imx219_s_stream
[    4.406761] imx219_s_stream
[    4.410689] Before reg_write_table 
[    4.415469] reg_write data 1
[    4.421706] reg_write data 5
[    4.428019] reg_write data c
[    4.434427] reg_write data ff
[    4.440723] reg_write data ff
[    4.447112] reg_write data 5
[    4.453297] reg_write data 9
[    4.459435] reg_write data 1
[    4.465619] reg_write data 0
[    4.471744] reg_write data 18
[    4.477974] reg_write data 0
[    4.484121] reg_write data a
[    4.490198] reg_write data 83
[    4.496463] reg_write data d
[    4.502621] reg_write data 78
[    4.508871] reg_write data 1
[    4.515004] reg_write data 1
[    4.521040] reg_write data 0
[    4.527155] reg_write data 0
[    4.533229] reg_write data 8
[    4.539282] reg_write data 8
[    4.545388] reg_write data 5
[    4.551425] reg_write data 1
[    4.557530] reg_write data 2
[    4.563653] reg_write data 2
[    4.569647] reg_write data 0
[    4.575698] reg_write data 76
[    4.581631] reg_write data 8
[    4.587507] reg_write data 0
[    4.593369] reg_write data 4e
[    4.599203] reg_write data 0
[    4.605065] reg_write data 4b
[    4.610957] reg_write data f
[    4.616747] reg_write data 14
[    4.622656] reg_write data 0
[    4.628376] reg_write data 14
[    4.634232] reg_write data 30
[    4.640074] reg_write data 10
[    4.646287] reg_write data 10
[    4.652262] reg_write data 10
[    4.658162] reg_write data e
[    4.663971] reg_write data e
[    4.669750] After reg_write_table and before handle crop 
[    4.676049] reg_write data 0
[    4.681953] reg_write data 0
[    4.687916] reg_write data 2
[    4.693887] reg_write data 7f
[    4.699867] reg_write data 0
[    4.705781] reg_write data 0
[    4.711637] reg_write data 1
[    4.717613] reg_write data df
[    4.723612] reg_write data 2
[    4.729467] reg_write data 80
[    4.735496] reg_write data 1
[    4.741419] reg_write data e0
[    4.747558] After handle crop 
[    4.751536] reg_write data 0
[    4.757595] reg_write data 0
[    4.763618] reg_write data 1
[    4.769590] reg_write data 0
[    4.775668] reg_write data 0
[    4.781634] reg_write data 0
[    4.787658] before reg_write_table again 
[    4.792708] reg_write data 1
[    4.798790] imx219_s_ctrl
[    4.802518] V4L2_CID_TEST_PATTERN
[    4.806916] imx219_s_ctrl_test_pattern
[    4.811741] imx219_s_ctrl_test_pattern DISABLE
[    4.817413] imx219_probe 2
[    4.821285] imx219_probe 3
[    4.825210] imx219_s_power
[    4.829619] imx219 2-0010: clk enable
[    4.834655] imx219_video_probe check chip ID 
[    4.841569] imx219 2-0010: Model ID 0x0219, Lot ID 0x686b22, Chip ID 0x0411
[    4.850215] imx219_s_power
[    4.854510] imx219 2-0010: clk disable
[    4.859789] v4l2_async_register_subdev
[    4.865224] imx219_probe 4 camera driver probed ok
[    4.884999] 
[    4.884999] [RVC] ../drivers/media/platform/rza-vin/rza-csi2.c, rcar_csi2_probe, 760
[    4.885336] 
[    4.885336] [RVC] ../drivers/media/platform/rza-vin/rza-csi2.c, rcar_csi2_probe_resources, 722
[    4.900332] rza-csi2 e8209000.csi2: rcar_csi2_probe_resources 
[    4.925741] called v4l2_device_register c0454600
[    4.933585] rza-csi2 e8209000.csi2: call rcar_csi2_parse_dt
[    4.941620] 
[    4.941620] [RVC] ../drivers/media/platform/rza-vin/rza-csi2.c, rcar_csi2_parse_dt, 659
[    4.942758] 
[    4.942758] [RVC] ../drivers/media/platform/rza-vin/rza-csi2.c, rcar_csi2_parse_v4l2, 619
[    4.957991] rza-csi2 e8209000.csi2: Found '/i2c@e803a800/imx219@10'
[    4.982830] call v4l2_async_notifier_register c0454600
[    4.991377] rcar_csi2_notify_bound
[    4.997883] 
[    4.997883] [RVC] ../drivers/media/platform/rza-vin/rza-csi2.c, rcar_csi2_notify_bound, 573
[    4.997977] 
[    4.997977] [RVC] ../drivers/media/platform/rza-vin/rza-csi2.c, rcar_csi2_notify_complete, 598
[    5.044507] priv->subdev.name rza_csi2 e8209000.csi2 
[    5.073882] v4l2_async_register_subdev
[    5.081237] v4l2_async_find_match failed
[    5.089275] rza-csi2 e8209000.csi2: RVC debug 2 lanes found
[    5.108837] 
[    5.108837] [RVC] ../drivers/media/platform/rza-vin/rza-core.c, rcar_vin_probe, 1027
[    5.111006] 
[    5.111006] [RVC] ../drivers/media/platform/rza-vin/rza-dma.c, rvin_dma_probe, 1581
[    5.130395] rvin_dma_probe call v4l2_device_register c048b328 
[    5.149668] 
[    5.149668] [RVC] ../drivers/media/platform/rza-vin/rza-core.c, rvin_group_init, 892
[    5.160310] 
[    5.160310] [RVC] ../drivers/media/platform/rza-vin/rza-core.c, rvin_group_allocate, 336
[    5.177371] 
[    5.177371] [RVC] ../drivers/media/platform/rza-vin/rza-core.c, __rvin_group_allocate, 286
[    5.219181] 
[    5.219181] [RVC] ../drivers/media/platform/rza-vin/rza-core.c, rvin_group_add_vin, 308
[    5.240712] 
[    5.240712] [RVC] ../drivers/media/platform/rza-vin/rza-core.c, rvin_group_read_id, 246
[    5.259115] 
[    5.259115] [RVC] ../drivers/media/platform/rza-vin/rza-core.c, rvin_group_graph_parse, 778
[    5.277391] 
[    5.277391] [RVC] ../drivers/media/platform/rza-vin/rza-core.c, rvin_group_read_id, 246
[    5.295991] 
[    5.295991] [RVC] ../drivers/media/platform/rza-vin/rza-core.c, rvin_group_get_remote, 755
[    5.314086] 
[    5.314086] [RVC] ../drivers/media/platform/rza-vin/rza-core.c, rvin_group_get_remote, 755
[    5.332653] 
[    5.332653] [RVC] ../drivers/media/platform/rza-vin/rza-core.c, rvin_group_graph_parse, 778
[    5.351086] 
[    5.351086] [RVC] ../drivers/media/platform/rza-vin/rza-core.c, rvin_group_read_id, 246
[    5.369551] 
[    5.369551] [RVC] ../drivers/media/platform/rza-vin/rza-core.c, rvin_group_get_remote, 755
[    5.387728] 
[    5.387728] [RVC] ../drivers/media/platform/rza-vin/rza-v4l2.c, rvin_v4l2_register, 1136
[    5.406559] 
[    5.406559] [RVC] ../drivers/media/platform/rza-vin/rza-v4l2.c, rvin_format_align, 132
[    5.425288] 
[    5.425288] [RVC] ../drivers/media/platform/rza-vin/rza-v4l2.c, rvin_format_from_pixel, 74
[    5.443885] 
[    5.443885] [RVC] ../drivers/media/platform/rza-vin/rza-v4l2.c, __rvin_format_aling_update, 110
[    5.462771] 
[    5.462771] [RVC] ../drivers/media/platform/rza-vin/rza-v4l2.c, rvin_format_bytesperline, 85
[    5.482089] 
[    5.482089] [RVC] ../drivers/media/platform/rza-vin/rza-v4l2.c, rvin_format_from_pixel, 74
[    5.501219] 
[    5.501219] [RVC] ../drivers/media/platform/rza-vin/rza-v4l2.c, rvin_format_sizeimage, 96
[    5.539618] rcar-vin e803f000.video: Device registered as video0
[    5.572852] 
[    5.572852] [RVC] ../drivers/media/platform/rza-vin/rza-core.c, rvin_group_graph_register, 849
[    5.573270] rcar-vin e803f000.video: Call Notifier registration
[    5.604178] rcar-vin e803f000.video: Entity type for entity rza_csi2 e8209000.csi2 was not initialized!
[    5.623145] 
[    5.623145] [RVC] ../drivers/media/platform/rza-vin/rza-core.c, rvin_group_notify_bound, 734
[    5.623332] 
[    5.623332] [RVC] ../drivers/media/platform/rza-vin/rza-core.c, rvin_group_notify_complete, 705
[    5.642391] rvin_group_notify_complete call v4l2_device_register_subdev_nodes c048b328
[    5.689416] 
[    5.689416] [RVC] ../drivers/media/platform/rza-vin/rza-core.c, rvin_group_update_links, 657
[    5.689713] 
[    5.689713] [RVC] ../drivers/media/platform/rza-vin/rza-dma.c, rvin_get_chsel, 1661
[    5.712402] chsel 0
[    5.731411] 
[    5.731411] [RVC] ../drivers/media/platform/rza-vin/rza-core.c, rvin_group_add_link, 635
[    6.047540] sh_mobile_sdhi e8228000.sd: mmc0 base at 0xe8228000 max clock rate 132 MHz
[    6.091552] usbcore: registered new interface driver usbhid
[    6.104522] usbhid: USB HID core driver
[    6.119968] NET: Registered protocol family 10
[    6.188240] Segment Routing with IPv6
[    6.203033] sit: IPv6, IPv4 and MPLS over IPv4 tunneling driver
[    6.234061] NET: Registered protocol family 17
[    6.248478] Key type dns_resolver registered
[    6.261594] rza2mevb_init_late: Error: Could not find QSPI clock
[    6.338810] hctosys: unable to open rtc device (rtc0)
[    6.399086] VFS: Mounted root (axfs filesystem) readonly on device 0:11.
[    6.419783] devtmpfs: mounted
[    6.431805] Freeing unused kernel memory: 52K
[    6.441387] This architecture does not have kernel memory protection.
Starting logging: OK
read-only file system detected...done
Starting network: OK
Wed Nov  1 09:00:00 UTC 2017
[   12.936921] Console: switching to colour dummy device 80x30
/etc/init.d/S99_rea_setup: line 34: fbv: not found
/etc/init.d/S99_rea_setup: line 47: alsactl: not found

Welcome to Buildroot
buildroot login: root
$ media-ctl -d /dev/media0 -l "'rza_csi2 e8209000.csi2':1 -> 'rza_vin e803f000.v
ideo':0 [1]"
2 e8209000.csi2':1 [fmt:UYVY8_2X8/640x480 field:none]"
/root/yavta_debug  /dev/video0 -c2 -n2 -f NV12 -s 640x480 -F"/tmp/NV12_2f.bin"$ media-ctl -V "'rza_csi2 e8209000."
$ /root/yavta_debug  /dev/video0 -c2 -n2 -f NV12 -s 640x480 -F"/tmp/NV12_2f.bin"
[   27.131532] 
[   27.131532] [RVC] ../drivers/media/platform/rza-vin/rza-csi2.c, rcar_csi2_set_pad_format, 517
[   27.904464] 
[   27.904464] [RVC] ../drivers/media/platform/rza-vin/rza-v4l2.c, rvin_mc_open, 1040
[   27.917006] 
[   27.917006] [RVC] ../drivers/media/platform/rza-vin/rza-v4l2.c, rvin_get_sd_format, 231
[   27.926938] 
[   27.926938] [RVC] ../drivers/media/platform/rza-vin/rza-csi2.c, rcar_csi2_get_pad_format, 536
[   27.936893] 
[   27.936893] [RVC] ../drivers/media/platform/rza-vin/rza-v4l2.c, rvin_format_bytesperline, 85
Device /dev/video0 opened.
[   27.947202] 
[   27.947202] [RVC] ../drivers/media/platform/rza-vin/rza-v4l2.c, rvin_format_from_pixel, 74
Device `R_Car_VIN' on `platform:e803f000.video' is a video capture device.
[   27.999623] 
[   27.999623] [RVC] ../drivers/media/platform/rza-vin/rza-v4l2.c, rvin_querycap, 379
[   28.025099] 
[   28.025099] [RVC] ../drivers/media/platform/rza-vin/rza-v4l2.c, rvin_mc_s_fmt_vid_cap, 827
[   28.035442] 
[   28.035442] [RVC] ../drivers/media/platform/rza-vin/rza-v4l2.c, __rvin_mc_try_format, 810
[   28.045620] 
[   28.045620] [RVC] ../drivers/media/platform/rza-vin/rza-v4l2.c, rvin_format_align, 132
[   28.055482] 
[   28.055482] [RVC] ../drivers/media/platform/rza-vin/rza-v4l2.c, rvin_format_from_pixel, 74
[   28.065175] 
[   28.065175] [RVC] ../drivers/media/platform/rza-vin/rza-v4l2.c, __rvin_format_aling_update, 110
[   28.075197] 
[   28.075197] [RVC] ../drivers/media/platform/rza-vin/rza-v4l2.c, rvin_format_bytesperline, 85
[   28.085516] 
[   28.085516] [RVC] ../drivers/media/platform/rza-vin/rza-v4l2.c, rvin_format_from_pixel, 74
Video format set: NV12 (3231564e) 640x480 (s[   28.095609] 
[   28.095609] [RVC] ../drivers/media/platform/rza-vin/rza-v4l2.c, rvin_format_sizeimage, 96
tride 640) buffer size 460800
Video forma[   28.147565] 
[   28.147565] [RVC] ../drivers/media/platform/rza-vin/rza-v4l2.c, rvin_g_fmt_vid_cap, 417
t: NV12 (3231564e) 640x480 (stride 640) buffer size 460800
2 buffers requested.
length: 460800 offset: 0
Buffer 0 mapped at address 0xb6ed0000.
length: 460800 offset: 462848
Buffer [   28.162018] 
[   28.162018] [RVC] ../drivers/media/platform/rza-vin/rza-dma.c, rvin_queue_setup, 1268
1 mapped at addr[   28.225611] 
[   28.225611] [RVC] ../drivers/media/platform/rza-vin/rza-dma.c, rvin_buffer_queue, 1300
[   28.237731] 
[   28.237731] [RVC] ../drivers/media/platform/rza-vin/rza-dma.c, rvin_buffer_queue, 1300

[   28.248774] 
[   28.248774] [RVC] ../drivers/media/platform/rza-vin/rza-dma.c, rvin_start_streaming, 1428
[   28.259843] 
[   28.259843] [RVC] ../drivers/media/platform/rza-vin/rza-dma.c, rvin_set_stream, 1339
[   28.269825] 
[   28.269825] [RVC] ../drivers/media/platform/rza-vin/rza-csi2.c, rcar_csi2_get_pad_format, 536
[   28.279883] 
[   28.279883] [RVC] ../drivers/media/platform/rza-vin/rza-csi2.c, rcar_csi2_s_stream, 470
[   28.291102] RVC_Call rcar_csi2_start
[   28.304924] 
[   28.304924] [RVC] ../drivers/media/platform/rza-vin/rza-csi2.c, rcar_csi2_start, 340
[   28.305417] rza-csi2 e8209000.csi2: Input size (640x480p)
[   28.320384]  Check virtual channel setting 805e,  805e, 0, 8000, 40, 1e 
[   28.327241] 
[   28.327241] [RVC] ../drivers/media/platform/rza-vin/rza-csi2.c, rcar_csi2_calc_phy_timing, 298
[   28.327316] PHYTIM3_REG e09
[   28.337558] PHYTIM2_REG 30f0a
[   28.340376] PHYTIM1_REG 338f
[   28.343454] INTSTATE_REG 0
[   28.346374] TREF_REG 1
[   28.349146] 
[   28.349146] [RVC] ../drivers/media/platform/rza-vin/rza-csi2.c, rcar_csi2_reset, 252
[   28.396418] SRST_REG 0
[   28.407543] FLD_REG 0
[   28.410013] VCDT_REG 11e805e
[   28.412663] LSWAP_REG 4
[   28.415654] PHYCNT_REG 13
[   28.418145] PHYCNT_REG 0
[   28.420794] PHYCNT_REG 20013
[   28.423540] PHYCNT_REG 30013
[   28.426544] 
[   28.426544] [RVC] ../drivers/media/platform/rza-vin/rza-csi2.c, rcar_csi2_wait_phy_start, 262
[   28.429771] rza-csi2 e8209000.csi2: PHCLM_REG d
[   28.444736] rza-csi2 e8209000.csi2: PHDLM_REG 3003, priv->lanes 2, lane_mask 3
[   28.452062] RVC_Call finish rcar_csi2_start
[   28.456391] imx219_s_power
[   28.459539] imx219 2-0010: clk enable
[   28.463447] imx219_s_stream
[   28.466295] Before reg_write_table 
[   28.469883] reg_write data 1
[   28.502268] reg_write data 5
[   28.509654] reg_write data c
[   28.521707] reg_write data ff
[   28.532963] reg_write data ff
[   28.538894] reg_write data 5
[   28.550409] reg_write data 9
[   28.557254] reg_write data 1
[   28.562865] reg_write data 0
[   28.571867] reg_write data 18
[   28.585610] reg_write data 0
[   28.591451] reg_write data a
[   28.604858] reg_write data 83
[   28.610904] reg_write data d
[   28.623509] reg_write data 78
[   28.633398] reg_write data 1
[   28.639131] reg_write data 1
[   28.650216] reg_write data 0
[   28.656987] reg_write data 0
[   28.662367] reg_write data 8
[   28.671104] reg_write data 8
[   28.684111] reg_write data 5
[   28.690088] reg_write data 1
[   28.700947] reg_write data 2
[   28.707653] reg_write data 2
[   28.713303] reg_write data 0
[   28.718703] reg_write data 76
[   28.733228] reg_write data 8
[   28.743174] reg_write data 0
[   28.748958] reg_write data 4e
[   28.759838] reg_write data 0
[   28.766349] reg_write data 4b
[   28.771742] reg_write data f
[   28.783804] reg_write data 14
[   28.795331] reg_write data 0
[   28.801222] reg_write data 14
[   28.812137] reg_write data 30
[   28.818504] reg_write data 10
[   28.824327] reg_write data 10
[   28.829688] reg_write data 10
[   28.841228] reg_write data e
[   28.853017] reg_write data e
[   28.858878] After reg_write_table and before handle crop 
[   28.864887] reg_write data 0
[   28.874400] reg_write data 0
[   28.894294] reg_write data 2
[   28.907323] reg_write data 7f
[   28.913729] reg_write data 0
[   28.919324] reg_write data 0
[   28.932159] reg_write data 1
[   28.943023] reg_write data df
[   28.949014] reg_write data 2
[   28.960566] reg_write data 80
[   28.967248] reg_write data 1
[   28.972874] reg_write data e0
[   28.981607] After handle crop 
[   28.985792] reg_write data 0
[   28.999998] reg_write data 0
[   29.006550] reg_write data 1
[   29.011742] reg_write data 0
[   29.024253] reg_write data 0
[   29.034017] reg_write data 0
[   29.039765] before reg_write_table again 
[   29.044215] reg_write data 1
[   29.054092] RVC_Call rcar_csi2_s_stream before END
[   29.059189] rcar_csi2_s_stream go to mutex_unclock
[   29.064687] 
[   29.064687] [RVC] ../drivers/media/platform/rza-vin/rza-dma.c, rvin_capture_start, 1025
[   29.064790] 
[   29.064790] [RVC] ../drivers/media/platform/rza-vin/rza-dma.c, rvin_fill_hw, 999
[   29.074401] 
[   29.074401] [RVC] ../drivers/media/platform/rza-vin/rza-dma.c, rvin_fill_hw_slot, 974
[   29.083518] 
[   29.083518] [RVC] ../drivers/media/platform/rza-vin/rza-dma.c, rvin_set_slot_addr, 947
[   29.092996] 
[   29.092996] [RVC] ../drivers/media/platform/rza-vin/rza-v4l2.c, rvin_format_from_pixel, 74
[   29.102577] 
[   29.102577] [RVC] ../drivers/media/platform/rza-vin/rza-dma.c, rvin_crop_scale_comp, 683
[   29.112450] VNSPPRC_REG 64
[   29.122120] VNEPPRC_REG 383
[   29.124906] default VNSLPRC_REG 18
[   29.127757] VNELPRC_REG 1f7
[   29.131193] 
[   29.131193] [RVC] ../drivers/media/platform/rza-vin/rza-dma.c, rvin_crop_scale_comp_gen3, 636
[   29.134066] 
[   29.134066] [RVC] ../drivers/media/platform/rza-vin/rza-dma.c, rvin_get_bwidth, 610
[   29.144155] 
[   29.144155] [RVC] ../drivers/media/platform/rza-vin/rza-dma.c, rvin_get_bwidth, 610
[   29.153394] VNMC_REG 4000000
[   29.162617] VNUDS_CTRL_REG 40000000
[   29.165521] VNUDS_SCALE_REG 10001000
[   29.169043] VNUDS_PASS_BWIDTH_REG 400040
[   29.172649] VNUDS_CLIP_SIZE_REG 28001e0
[   29.176601] VNMC_REG 0
[   29.180465] VNIS_REG 280
[   29.182845] 
[   29.182845] [RVC] ../drivers/media/platform/rza-vin/rza-dma.c, rvin_setup, 743
[   29.185536] VNINTS_REG 30000
[   29.194313] VNIE_REG 2
[   29.197228] VNDMR_REG 3
[   29.199613] VNDMR2_REG 20000
[   29.202079] VNMC_REG 3
[   29.204983] 
[   29.204983] [RVC] ../drivers/media/platform/rza-vin/rza-dma.c, rvin_capture_on, 1012
[   29.255438] 
[   29.255438] [RVC] ../drivers/media/platform/rza-vin/rza-dma.c, rvin_irq, 1140
[   29.265537] 
[   29.265537] [RVC] ../drivers/media/platform/rza-vin/rza-dma.c, rvin_get_interrupt_status, 914
[   29.274310] VNMC_REG c0030012
[   29.284442] 
[   29.284442] [RVC] ../drivers/media/platform/rza-vin/rza-dma.c, rvin_ack_interrupt, 921
[   29.287449] VNMC_REG 0
[   29.296922] 
[   29.296922] [RVC] ../drivers/media/platform/rza-vin/rza-dma.c, rvin_get_active_slot, 935
[   29.299324] 
[   29.299324] [RVC] ../drivers/media/platform/rza-vin/rza-dma.c, rvin_seq_field_done, 1088
[   29.309374] 
[   29.309374] [RVC] ../drivers/media/platform/rza-vin/rza-dma.c, rvin_fill_hw, 999
[   29.319037] 
[   29.319037] [RVC] ../drivers/media/platform/rza-vin/rza-dma.c, rvin_fill_hw_slot, 974
[   29.328053] 
[   29.328053] [RVC] ../drivers/media/platform/rza-vin/rza-dma.c, rvin_set_slot_addr, 947
[   29.337482] 
[   29.337482] [RVC] ../drivers/media/platform/rza-vin/rza-v4l2.c, rvin_format_from_pixel, 74
0 (0) [-] 0 460800 bytes 29.286901 29.352942 16.905 fps
[   29.347002] 
[   29.347002] [RVC] ../drivers/media/platform/rza-vin/rza-dma.c, rvin_capture_on, 1012
[   29.404044] 
[   29.404044] [RVC] ../drivers/media/platform/rza-vin/rza-dma.c, rvin_irq, 1140
[   29.414347] 
[   29.414347] [RVC] ../drivers/media/platform/rza-vin/rza-dma.c, rvin_get_interrupt_status, 914
[   29.423150] VNMC_REG c0030012
[   29.433276] 
[   29.433276] [RVC] ../drivers/media/platform/rza-vin/rza-dma.c, rvin_ack_interrupt, 921
[   29.436328] VNMC_REG 0
[   29.445797] 
[   29.445797] [RVC] ../drivers/media/platform/rza-vin/rza-dma.c, rvin_get_active_slot, 935
[   29.448177] 
[   29.448177] [RVC] ../drivers/media/platform/rza-vin/rza-dma.c, rvin_seq_field_done, 1088
[   29.458159] 
[   29.458159] [RVC] ../drivers/media/platform/rza-vin/rza-dma.c, rvin_fill_hw, 999
write buf(0)
Content of buf 0 at address b6ed0000
Content of buf 0 at address b6ed0001
Content of buf 0 at address b6ed0002
Content of buf 0 at address b6ed0003
Content of buf 0 at address b6ed0004
Content of buf 0 at address b6ed0005
Content of buf 0 at address b6ed0006
Content of buf 0 at address b6ed0007
Content of buf 0 at address b6ed0008
Content of buf 0 at address b6ed0009
write buf(0)
1 (1) [-] 1 460800 bytes 29.435773 29.547701 6.717 fps
write buf(1)
Content of buf 0 at address b6e5f000
Content of buf 0 at address b6e5f001
Content of buf 0 at a[   29.467816] 
[   29.467816] [RVC] ../drivers/media/platform/rza-vin/rza-dma.c, rvin_fill_hw_slot, 974
[   29.775964] 
[   29.775964] [RVC] ../drivers/media/platform/rza-vin/rza-dma.c, rvin_buffer_queue, 1300
[   29.788516] 
[   29.788516] [RVC] ../drivers/media/platform/rza-vin/rza-dma.c, rvin_fill_hw, 999
[   29.799103] 
[   29.799103] [RVC] ../drivers/media/platform/rza-vin/rza-dma.c, rvin_fill_hw_slot, 974
[   29.808178] 
[   29.808178] [RVC] ../drivers/media/platform/rza-vin/rza-dma.c, rvin_set_slot_addr, 947
[   29.817654] 
[   29.817654] [RVC] ../drivers/media/platform/rza-vin/rza-v4l2.c, rvin_format_from_pixel, 74
[   29.827254] 
[   29.827254] [RVC] ../drivers/media/platform/rza-vin/rza-dma.c, rvin_capture_start, 1025
[   29.837101] 
[   29.837101] [RVC] ../drivers/media/platform/rza-vin/rza-dma.c, rvin_fill_hw, 999
[   29.846664] 
[   29.846664] [RVC] ../drivers/media/platform/rza-vin/rza-dma.c, rvin_fill_hw_slot, 974
[   29.855626] 
[   29.855626] [RVC] ../drivers/media/platform/rza-vin/rza-dma.c, rvin_crop_scale_comp, 683
[   29.865055] VNSPPRC_REG 64
[   29.874713] VNEPPRC_REG 383
[   29.877506] default VNSLPRC_REG 18
[   29.880349] VNELPRC_REG 1f7
[   29.883785] 
[   29.883785] [RVC] ../drivers/media/platform/rza-vin/rza-dma.c, rvin_crop_scale_comp_gen3, 636
[   29.886698] 
[   29.886698] [RVC] ../drivers/media/platform/rza-vin/rza-dma.c, rvin_get_bwidth, 610
[   29.896778] 
[   29.896778] [RVC] ../drivers/media/platform/rza-vin/rza-dma.c, rvin_get_bwidth, 610
[   29.906042] VNMC_REG 4000003
[   29.915262] VNUDS_CTRL_REG 40000000
[   29.918172] VNUDS_SCALE_REG 10001000
[   29.921695] VNUDS_PASS_BWIDTH_REG 400040
[   29.925301] VNUDS_CLIP_SIZE_REG 28001e0
[   29.929252] VNMC_REG 3
[   29.933116] VNIS_REG 280
[   29.935496] 
[   29.935496] [RVC] ../drivers/media/platform/rza-vin/rza-dma.c, rvin_setup, 743
[   29.938178] VNINTS_REG c0030000
[   29.946956] VNIE_REG 2
[   29.950132] VNDMR_REG 3
[   29.952517] VNDMR2_REG 20000
[   29.954983] VNMC_REG 3

Content of buf 0 at address b6e5f003
Content of buf 0 at address b6e5f004
Content of buf 0 at address b6e5f005
Content of buf 0 at address b6e5f006
Content of buf 0 at address b6e5f007
Content of buf 0 at address b6e5f008
Content of buf 0 at address b6e5f009
write buf(1)
[   29.957887] 
[   29.957887] [RVC] ../drivers/media/platform/rza-vin/rza-dma.c, rvin_capture_on, 1012
[   29.986493] 
[   29.986493] [RVC] ../drivers/media/platform/rza-vin/rza-dma.c, rvin_stop_streaming, 1457
[   29.997407] 
[   29.997407] [RVC] ../drivers/media/platform/rza-vin/rza-dma.c, rvin_irq, 1140
[   29.997443] 
[   29.997443] [RVC] ../drivers/media/platform/rza-vin/rza-dma.c, rvin_get_interrupt_status, 914
[   29.997495] VNMC_REG c0030012
[   29.997534] 
[   29.997534] [RVC] ../drivers/media/platform/rza-vin/rza-dma.c, rvin_ack_interrupt, 921
[   29.997562] VNMC_REG 0
[   29.997568] 
[   29.997568] [RVC] ../drivers/media/platform/rza-vin/rza-dma.c, rvin_get_active_slot, 935
[   29.997579] 
[   29.997579] [RVC] ../drivers/media/platform/rza-vin/rza-dma.c, rvin_seq_field_done, 1088
[   29.997796] 
[   29.997796] [RVC] ../drivers/media/platform/rza-vin/rza-dma.c, rvin_fill_hw, 999
[   29.997806] 
[   29.997806] [RVC] ../drivers/media/platform/rza-vin/rza-dma.c, rvin_fill_hw_slot, 974
[   30.070282] VNFC_REG 0
[   30.079708] 
[   30.079708] [RVC] ../drivers/media/platform/rza-vin/rza-dma.c, rvin_capture_stop, 1062
[   30.082102] VNMC_REG 3
[   30.091574] VNMC_REG 2
[   30.094006] 
[   30.094006] [RVC] ../drivers/media/platform/rza-vin/rza-dma.c, rvin_capture_active, 928
[   30.096403] VNMC_REG 4
[   30.106030] 
[   30.106030] [RVC] ../drivers/media/platform/rza-vin/rza-dma.c, return_all_buffers, 1247
[   30.109140] 
[   30.109140] [RVC] ../drivers/media/platform/rza-vin/rza-dma.c, rvin_set_stream, 1339
[   30.119261] 
[   30.119261] [RVC] ../drivers/media/platform/rza-vin/rza-csi2.c, rcar_csi2_s_stream, 470
[   30.128763] RVC_Call rcar_csi2_stop
[   30.142004] 
[   30.142004] [RVC] ../drivers/media/platform/rza-vin/rza-csi2.c, rcar_csi2_stop, 441
[   30.142019] 
[   30.142019] [RVC] ../drivers/media/platform/rza-vin/rza-csi2.c, rcar_csi2_reset, 252
[   30.235411] SRST_REG 0
[   30.247257] RVC_Call rcar_csi2_s_stream before END
[   30.255210] rcar_csi2_s_stream go to mutex_unclock
Captured 2 frames in 0.319954 seconds (6.250895 fps, 2880412.421051 B/s).
2 buffers released.
[   30.260258] 
